Component: Arm Compiler for Embedded 6.22 Tool: armlink [5ee90200]

==============================================================================

Section Cross References

    main.o(.text.main) refers to rcc.o(.text.SysClockConfig) for SysClockConfig
    main.o(.text.main) refers to gpio.o(.text.I2C1_gpio_init) for I2C1_gpio_init
    main.o(.text.main) refers to gpio.o(.text.gpio_usart3_init) for gpio_usart3_init
    main.o(.text.main) refers to gpio.o(.text.gpio_usart2_init) for gpio_usart2_init
    main.o(.text.main) refers to gpio.o(.text.gpio_usart1_init) for gpio_usart1_init
    main.o(.text.main) refers to gpio.o(.text.SPI3_GPIO_Init) for SPI3_GPIO_Init
    main.o(.text.main) refers to tim4.o(.text.TIM4_Init) for TIM4_Init
    main.o(.text.main) refers to pwm.o(.text.tim1_pwm_init) for tim1_pwm_init
    main.o(.text.main) refers to pwm.o(.text.tim2_pwm_init) for tim2_pwm_init
    main.o(.text.main) refers to pwm.o(.text.tim3_pwm_init) for tim3_pwm_init
    main.o(.text.main) refers to main.o(.bss.as5048b) for as5048b
    main.o(.text.main) refers to as5048b.o(.text.AS5048B_Init) for AS5048B_Init
    main.o(.text.main) refers to main.o(.text.RA_02_Init) for RA_02_Init
    main.o(.ARM.exidx.text.main) refers to main.o(.text.main) for [Anonymous Symbol]
    main.o(.text.RA_02_Init) refers to lora.o(.text.newLoRa) for newLoRa
    main.o(.text.RA_02_Init) refers to main.o(.bss.RA02) for RA02
    main.o(.text.RA_02_Init) refers to lora.o(.text.LoRa_reset) for LoRa_reset
    main.o(.text.RA_02_Init) refers to lora.o(.text.LoRa_init) for LoRa_init
    main.o(.text.RA_02_Init) refers to lora.o(.text.LoRa_startReceiving) for LoRa_startReceiving
    main.o(.ARM.exidx.text.RA_02_Init) refers to main.o(.text.RA_02_Init) for [Anonymous Symbol]
    main.o(.text.vApplicationStackOverflowHook) refers to main.o(.rodata.str1.1) for .L.str
    main.o(.text.vApplicationStackOverflowHook) refers to usart.o(.text.usart2_send_string) for usart2_send_string
    main.o(.ARM.exidx.text.vApplicationStackOverflowHook) refers to main.o(.text.vApplicationStackOverflowHook) for [Anonymous Symbol]
    main.o(.ARM.exidx.text.vApplicationMallocFailedHook) refers to main.o(.text.vApplicationMallocFailedHook) for [Anonymous Symbol]
    gpio.o(.text.gpio_usart1_init) refers to gpio.o(.bss.pRCC) for pRCC
    gpio.o(.text.gpio_usart1_init) refers to gpio.o(.bss.pGPIOA) for pGPIOA
    gpio.o(.text.gpio_usart1_init) refers to gpio.o(.bss.pUSART1) for pUSART1
    gpio.o(.ARM.exidx.text.gpio_usart1_init) refers to gpio.o(.text.gpio_usart1_init) for [Anonymous Symbol]
    gpio.o(.text.gpio_usart2_init) refers to gpio.o(.bss.pRCC) for pRCC
    gpio.o(.text.gpio_usart2_init) refers to gpio.o(.bss.pGPIOA) for pGPIOA
    gpio.o(.text.gpio_usart2_init) refers to gpio.o(.bss.pUSART2) for pUSART2
    gpio.o(.ARM.exidx.text.gpio_usart2_init) refers to gpio.o(.text.gpio_usart2_init) for [Anonymous Symbol]
    gpio.o(.text.gpio_usart3_init) refers to gpio.o(.bss.pRCC) for pRCC
    gpio.o(.text.gpio_usart3_init) refers to gpio.o(.bss.pGPIOD) for pGPIOD
    gpio.o(.text.gpio_usart3_init) refers to gpio.o(.bss.pUSART3) for pUSART3
    gpio.o(.text.gpio_usart3_init) refers to req.o(.bss.rx_dma_buffer) for rx_dma_buffer
    gpio.o(.text.gpio_usart3_init) refers to gpio.o(.text.__NVIC_EnableIRQ) for __NVIC_EnableIRQ
    gpio.o(.ARM.exidx.text.gpio_usart3_init) refers to gpio.o(.text.gpio_usart3_init) for [Anonymous Symbol]
    gpio.o(.ARM.exidx.text.__NVIC_EnableIRQ) refers to gpio.o(.text.__NVIC_EnableIRQ) for [Anonymous Symbol]
    gpio.o(.text.DMA1_Stream1_IRQHandler) refers to req.o(.bss.rx_data_ready_flag) for rx_data_ready_flag
    gpio.o(.text.DMA1_Stream1_IRQHandler) refers to req.o(.bss.rx_data_length) for rx_data_length
    gpio.o(.ARM.exidx.text.DMA1_Stream1_IRQHandler) refers to gpio.o(.text.DMA1_Stream1_IRQHandler) for [Anonymous Symbol]
    gpio.o(.text.I2C1_gpio_init) refers to gpio.o(.bss.pRCC) for pRCC
    gpio.o(.text.I2C1_gpio_init) refers to gpio.o(.bss.pGPIOB) for pGPIOB
    gpio.o(.text.I2C1_gpio_init) refers to gpio.o(.bss.pI2C1) for pI2C1
    gpio.o(.ARM.exidx.text.I2C1_gpio_init) refers to gpio.o(.text.I2C1_gpio_init) for [Anonymous Symbol]
    gpio.o(.text.SPI3_GPIO_Init) refers to gpio.o(.bss.pRCC) for pRCC
    gpio.o(.text.SPI3_GPIO_Init) refers to gpio.o(.bss.pGPIOC) for pGPIOC
    gpio.o(.text.SPI3_GPIO_Init) refers to gpio.o(.bss.pGPIOD) for pGPIOD
    gpio.o(.text.SPI3_GPIO_Init) refers to gpio.o(.bss.pSPI3) for pSPI3
    gpio.o(.ARM.exidx.text.SPI3_GPIO_Init) refers to gpio.o(.text.SPI3_GPIO_Init) for [Anonymous Symbol]
    gpio.o(.ARM.exidx.text.gpio_led_init) refers to gpio.o(.text.gpio_led_init) for [Anonymous Symbol]
    gpio.o(.text.RA_02_GPIO_Init) refers to gpio.o(.bss.pRCC) for pRCC
    gpio.o(.text.RA_02_GPIO_Init) refers to gpio.o(.bss.pGPIOD) for pGPIOD
[...]
    ../clib/angel/rt.s                       0x00000000   Number         0  rt_errno_addr.o ABSOLUTE
    ../clib/angel/rt.s                       0x00000000   Number         0  rt_errno_addr_intlibspace.o ABSOLUTE
    ../clib/angel/rt.s                       0x00000000   Number         0  rt_ctype_table.o ABSOLUTE
    ../clib/angel/rt.s                       0x00000000   Number         0  rt_locale.o ABSOLUTE
    ../clib/angel/rt.s                       0x00000000   Number         0  rt_locale_intlibspace.o ABSOLUTE
    ../clib/angel/rt.s                       0x00000000   Number         0  rt_raise.o ABSOLUTE
    ../clib/angel/scatter.s                  0x00000000   Number         0  __scatter.o ABSOLUTE
    ../clib/angel/startup.s                  0x00000000   Number         0  __main.o ABSOLUTE
    ../clib/angel/sys.s                      0x00000000   Number         0  libspace.o ABSOLUTE
    ../clib/angel/sys.s                      0x00000000   Number         0  sys_stackheap_outer.o ABSOLUTE
    ../clib/angel/sys.s                      0x00000000   Number         0  use_no_semi.o ABSOLUTE
    ../clib/angel/sys.s                      0x00000000   Number         0  indicate_semi.o ABSOLUTE
    ../clib/angel/sysapp.c                   0x00000000   Number         0  sys_command.o ABSOLUTE
    ../clib/angel/sysapp.c                   0x00000000   Number         0  sys_exit.o ABSOLUTE
    ../clib/angel/sysapp.c                   0x00000000   Number         0  sys_command_hlt.o ABSOLUTE
    ../clib/angel/sysapp.c                   0x00000000   Number         0  sys_exit_hlt.o ABSOLUTE
    ../clib/angel/sysapp.c                   0x00000000   Number         0  sys_wrch.o ABSOLUTE
    ../clib/angel/sysapp.c                   0x00000000   Number         0  sys_wrch_hlt.o ABSOLUTE
    ../clib/armsys.c                         0x00000000   Number         0  argv_veneer.o ABSOLUTE
    ../clib/armsys.c                         0x00000000   Number         0  argv_veneer.o ABSOLUTE
    ../clib/armsys.c                         0x00000000   Number         0  _get_argv_nomalloc.o ABSOLUTE
    ../clib/armsys.c                         0x00000000   Number         0  no_argv.o ABSOLUTE
    ../clib/bigflt.c                         0x00000000   Number         0  bigflt0.o ABSOLUTE
    ../clib/btod.s                           0x00000000   Number         0  btod.o ABSOLUTE
    ../clib/btod_accurate.c                  0x00000000   Number         0  btod_accurate.o ABSOLUTE
    ../clib/btod_accurate.c                  0x00000000   Number         0  dtob_accurate.o ABSOLUTE
    ../clib/btod_accurate.c                  0x00000000   Number         0  btod_accurate_common.o ABSOLUTE
    ../clib/ctype.c                          0x00000000   Number         0  isspace.o ABSOLUTE
    ../clib/fenv.c                           0x00000000   Number         0  _rserrno.o ABSOLUTE
    ../clib/heapalloc.c                      0x00000000   Number         0  hrguard.o ABSOLUTE
    ../clib/heapaux.c                        0x00000000   Number         0  heapauxi.o ABSOLUTE
    ../clib/libinit.s                        0x00000000   Number         0  libinit.o ABSOLUTE
    ../clib/libinit.s                        0x00000000   Number         0  libinit2.o ABSOLUTE
    ../clib/libinit.s                        0x00000000   Number         0  libshutdown.o ABSOLUTE
    ../clib/libinit.s                        0x00000000   Number         0  libshutdown2.o ABSOLUTE
    ../clib/locale.c                         0x00000000   Number         0  _mbrtoc16.o ABSOLUTE
    ../clib/locale.c                         0x00000000   Number         0  _c16rtomb.o ABSOLUTE
    ../clib/locale.s                         0x00000000   Number         0  lc_numeric_c.o ABSOLUTE
    ../clib/locale.s                         0x00000000   Number         0  lc_ctype_c.o ABSOLUTE
    ../clib/longlong.s                       0x00000000   Number         0  lludiv10.o ABSOLUTE
    ../clib/longlong.s                       0x00000000   Number         0  llshl.o ABSOLUTE
    ../clib/longlong.s                       0x00000000   Number         0  llushr.o ABSOLUTE
    ../clib/memcpset.s                       0x00000000   Number         0  rt_memcpy_v6.o ABSOLUTE
    ../clib/memcpset.s                       0x00000000   Number         0  rt_memcpy_w.o ABSOLUTE
    ../clib/memcpset.s                       0x00000000   Number         0  aeabi_memset.o ABSOLUTE
    ../clib/memcpset.s                       0x00000000   Number         0  aeabi_memset4.o ABSOLUTE
    ../clib/memcpset.s                       0x00000000   Number         0  rt_memclr.o ABSOLUTE
    ../clib/memcpset.s                       0x00000000   Number         0  rt_memclr_w.o ABSOLUTE
    ../clib/memcpset.s                       0x00000000   Number         0  strcmpv7em.o ABSOLUTE
    ../clib/misc.s                           0x00000000   Number         0  printf_stubs.o ABSOLUTE
    ../clib/printf.c                         0x00000000   Number         0  sprintf.o ABSOLUTE
    ../clib/printf.c                         0x00000000   Number         0  __printf.o ABSOLUTE
    ../clib/printf.c                         0x00000000   Number         0  _printf_pad.o ABSOLUTE
    ../clib/printf.c                         0x00000000   Number         0  _printf_truncate.o ABSOLUTE
    ../clib/printf.c                         0x00000000   Number         0  _printf_str.o ABSOLUTE
    ../clib/printf.c                         0x00000000   Number         0  _printf_dec.o ABSOLUTE
    ../clib/printf.c                         0x00000000   Number         0  _printf_charcount.o ABSOLUTE
    ../clib/printf.c                         0x00000000   Number         0  _printf_char_common.o ABSOLUTE
    ../clib/printf.c                         0x00000000   Number         0  _sputc.o ABSOLUTE
    ../clib/printf.c                         0x00000000   Number         0  _printf_wctomb.o ABSOLUTE
    ../clib/printf.c                         0x00000000   Number         0  _printf_longlong_dec.o ABSOLUTE
    ../clib/printf.c                         0x00000000   Number         0  _printf_oct_ll.o ABSOLUTE
    ../clib/printf.c                         0x00000000   Number         0  _printf_oct_int.o ABSOLUTE
    ../clib/printf.c                         0x00000000   Number         0  _printf_oct_int_ll.o ABSOLUTE
    ../clib/printf.c                         0x00000000   Number         0  _printf_hex_ll.o ABSOLUTE
    ../clib/printf.c                         0x00000000   Number         0  _printf_hex_int.o ABSOLUTE
    ../clib/printf.c                         0x00000000   Number         0  _printf_hex_int_ll.o ABSOLUTE
    ../clib/printf.c                         0x00000000   Number         0  _printf_hex_ptr.o ABSOLUTE
    ../clib/printf.c                         0x00000000   Number         0  _printf_hex_int_ptr.o ABSOLUTE
    ../clib/printf.c                         0x00000000   Number         0  _printf_hex_ll_ptr.o ABSOLUTE
    ../clib/printf.c                         0x00000000   Number         0  _printf_hex_int_ll_ptr.o ABSOLUTE
    ../clib/printf.c                         0x00000000   Number         0  __printf_flags.o ABSOLUTE
    ../clib/printf.c                         0x00000000   Number         0  __printf_ss.o ABSOLUTE
    ../clib/printf.c                         0x00000000   Number         0  __printf_flags_ss.o ABSOLUTE
    ../clib/printf.c                         0x00000000   Number         0  __printf_wp.o ABSOLUTE
    ../clib/printf.c                         0x00000000   Number         0  __printf_flags_wp.o ABSOLUTE
    ../clib/printf.c                         0x00000000   Number         0  __printf_ss_wp.o ABSOLUTE
    ../clib/printf.c                         0x00000000   Number         0  __printf_flags_ss_wp.o ABSOLUTE
    ../clib/printf.c                         0x00000000   Number         0  _printf_intcommon.o ABSOLUTE
    ../clib/printf.c                         0x00000000   Number         0  _printf_fp_dec.o ABSOLUTE
    ../clib/printf.c                         0x00000000   Number         0  _printf_fp_dec_accurate.o ABSOLUTE
    ../clib/printf.c                         0x00000000   Number         0  _printf_fp_hex.o ABSOLUTE
    ../clib/printf.c                         0x00000000   Number         0  __printf_nopercent.o ABSOLUTE
    ../clib/printf.c                         0x00000000   Number         0  _printf_char.o ABSOLUTE
    ../clib/printf.c                         0x00000000   Number         0  _printf_wchar.o ABSOLUTE
    ../clib/printf.c                         0x00000000   Number         0  _printf_fp_infnan.o ABSOLUTE
    ../clib/printf_percent.s                 0x00000000   Number         0  _printf_c.o ABSOLUTE
    ../clib/printf_percent.s                 0x00000000   Number         0  _printf_s.o ABSOLUTE
    ../clib/printf_percent.s                 0x00000000   Number         0  _printf_n.o ABSOLUTE
    ../clib/printf_percent.s                 0x00000000   Number         0  _printf_x.o ABSOLUTE
    ../clib/printf_percent.s                 0x00000000   Number         0  _printf_p.o ABSOLUTE
    ../clib/printf_percent.s                 0x00000000   Number         0  _printf_o.o ABSOLUTE
    ../clib/printf_percent.s                 0x00000000   Number         0  _printf_i.o ABSOLUTE
    ../clib/printf_percent.s                 0x00000000   Number         0  _printf_d.o ABSOLUTE
    ../clib/printf_percent.s                 0x00000000   Number         0  _printf_u.o ABSOLUTE
    ../clib/printf_percent.s                 0x00000000   Number         0  _printf_f.o ABSOLUTE
    ../clib/printf_percent.s                 0x00000000   Number         0  _printf_e.o ABSOLUTE
    ../clib/printf_percent.s                 0x00000000   Number         0  _printf_g.o ABSOLUTE
    ../clib/printf_percent.s                 0x00000000   Number         0  _printf_a.o ABSOLUTE
    ../clib/printf_percent.s                 0x00000000   Number         0  _printf_percent.o ABSOLUTE
    ../clib/printf_percent.s                 0x00000000   Number         0  _printf_lli.o ABSOLUTE
    ../clib/printf_percent.s                 0x00000000   Number         0  _printf_lld.o ABSOLUTE
    ../clib/printf_percent.s                 0x00000000   Number         0  _printf_llu.o ABSOLUTE
    ../clib/printf_percent.s                 0x00000000   Number         0  _printf_ll.o ABSOLUTE
    ../clib/printf_percent.s                 0x00000000   Number         0  _printf_l.o ABSOLUTE
    ../clib/printf_percent.s                 0x00000000   Number         0  _printf_lc.o ABSOLUTE
    ../clib/printf_percent.s                 0x00000000   Number         0  _printf_ls.o ABSOLUTE
    ../clib/printf_percent.s                 0x00000000   Number         0  _printf_llo.o ABSOLUTE
    ../clib/printf_percent.s                 0x00000000   Number         0  _printf_llx.o ABSOLUTE
    ../clib/printf_percent.s                 0x00000000   Number         0  _printf_percent_end.o ABSOLUTE
    ../clib/scanf.c                          0x00000000   Number         0  sscanf.o ABSOLUTE
    ../clib/scanf.c                          0x00000000   Number         0  atoi.o ABSOLUTE
    ../clib/scanf.c                          0x00000000   Number         0  _scanf_longlong.o ABSOLUTE
    ../clib/scanf.c                          0x00000000   Number         0  _scanf_int.o ABSOLUTE
    ../clib/scanf.c                          0x00000000   Number         0  _scanf_str.o ABSOLUTE
    ../clib/scanf.c                          0x00000000   Number         0  scanf_char.o ABSOLUTE
    ../clib/scanf.c                          0x00000000   Number         0  _sgetc.o ABSOLUTE
    ../clib/scanf.c                          0x00000000   Number         0  strtod.o ABSOLUTE
    ../clib/scanf.c                          0x00000000   Number         0  strtol.o ABSOLUTE
    ../clib/scanf.c                          0x00000000   Number         0  _scanf_mbtowc.o ABSOLUTE
    ../clib/scanf.c                          0x00000000   Number         0  _scanf_wctomb.o ABSOLUTE
    ../clib/scanf.c                          0x00000000   Number         0  _scanf_wstr.o ABSOLUTE
    ../clib/scanf.c                          0x00000000   Number         0  _chval.o ABSOLUTE
    ../clib/scanf.c                          0x00000000   Number         0  _scanf.o ABSOLUTE
    ../clib/scanf.c                          0x00000000   Number         0  scanf_fp.o ABSOLUTE
    ../clib/scanf.c                          0x00000000   Number         0  scanf_fp_accurate.o ABSOLUTE
    ../clib/scanf.c                          0x00000000   Number         0  _strtoul.o ABSOLUTE
    ../clib/scanf.c                          0x00000000   Number         0  _scanf_wcharmap.o ABSOLUTE
    ../clib/scanf.c                          0x00000000   Number         0  scanf_hexfp.o ABSOLUTE
    ../clib/scanf.c                          0x00000000   Number         0  scanf_infnan.o ABSOLUTE
    ../clib/signal.c                         0x00000000   Number         0  defsig_rtmem_outer.o ABSOLUTE
    ../clib/signal.c                         0x00000000   Number         0  defsig_rtmem_formal.o ABSOLUTE
    ../clib/signal.c                         0x00000000   Number         0  defsig_exit.o ABSOLUTE
    ../clib/signal.c                         0x00000000   Number         0  defsig_rtmem_inner.o ABSOLUTE
    ../clib/signal.c                         0x00000000   Number         0  __raise.o ABSOLUTE
    ../clib/signal.c                         0x00000000   Number         0  defsig_general.o ABSOLUTE
    ../clib/signal.c                         0x00000000   Number         0  defsig_abrt_inner.o ABSOLUTE
    ../clib/signal.c                         0x00000000   Number         0  defsig_fpe_inner.o ABSOLUTE
    ../clib/signal.c                         0x00000000   Number         0  defsig_rtred_inner.o ABSOLUTE
    ../clib/signal.c                         0x00000000   Number         0  defsig_stak_inner.o ABSOLUTE
    ../clib/signal.c                         0x00000000   Number         0  defsig_pvfn_inner.o ABSOLUTE
    ../clib/signal.c                         0x00000000   Number         0  defsig_cppl_inner.o ABSOLUTE
    ../clib/signal.c                         0x00000000   Number         0  defsig_segv_inner.o ABSOLUTE
    ../clib/signal.c                         0x00000000   Number         0  defsig_other.o ABSOLUTE
    ../clib/signal.s                         0x00000000   Number         0  defsig.o ABSOLUTE
    ../clib/stdlib.c                         0x00000000   Number         0  exit.o ABSOLUTE
    ../clib/string.c                         0x00000000   Number         0  strstr.o ABSOLUTE
    ../clib/string.c                         0x00000000   Number         0  strcpy.o ABSOLUTE
    ../clib/string.c                         0x00000000   Number         0  strlen.o ABSOLUTE
    ../fplib/d2f.s                           0x00000000   Number         0  d2f.o ABSOLUTE
    ../fplib/daddsub.s                       0x00000000   Number         0  daddsub_clz.o ABSOLUTE
    ../fplib/dcheck1.s                       0x00000000   Number         0  dcheck1.o ABSOLUTE
    ../fplib/dcmp.s                          0x00000000   Number         0  dcmp.o ABSOLUTE
    ../fplib/dcmpi.s                         0x00000000   Number         0  dcmpi.o ABSOLUTE
    ../fplib/ddiv.s                          0x00000000   Number         0  ddiv.o ABSOLUTE
    ../fplib/deqf.s                          0x00000000   Number         0  deqf.o ABSOLUTE
    ../fplib/dfix.s                          0x00000000   Number         0  dfix.o ABSOLUTE
    ../fplib/dflt.s                          0x00000000   Number         0  dflt_clz.o ABSOLUTE
    ../fplib/dgeqf.s                         0x00000000   Number         0  dgeqf.o ABSOLUTE
    ../fplib/dleqf.s                         0x00000000   Number         0  dleqf.o ABSOLUTE
    ../fplib/dmul.s                          0x00000000   Number         0  dmul.o ABSOLUTE
    ../fplib/dnaninf.s                       0x00000000   Number         0  dnaninf.o ABSOLUTE
    ../fplib/dretinf.s                       0x00000000   Number         0  dretinf.o ABSOLUTE
    ../fplib/drleqf.s                        0x00000000   Number         0  drleqf.o ABSOLUTE
    ../fplib/drnd.s                          0x00000000   Number         0  drnd.o ABSOLUTE
    ../fplib/fpconst.s                       0x00000000   Number         0  fpconst.o ABSOLUTE
    ../fplib/fpinit.s                        0x00000000   Number         0  fpinit.o ABSOLUTE
    ../fplib/fretinf.s                       0x00000000   Number         0  fretinf.o ABSOLUTE
    ../fplib/istatus.s                       0x00000000   Number         0  istatus.o ABSOLUTE
    ../fplib/printf1.s                       0x00000000   Number         0  printf1.o ABSOLUTE
    ../fplib/printf2.s                       0x00000000   Number         0  printf2.o ABSOLUTE
    ../fplib/printf2a.s                      0x00000000   Number         0  printf2a.o ABSOLUTE
    ../fplib/printf2b.s                      0x00000000   Number         0  printf2b.o ABSOLUTE
    ../fplib/retnan.s                        0x00000000   Number         0  retnan.o ABSOLUTE
    ../fplib/scalbn.s                        0x00000000   Number         0  scalbn.o ABSOLUTE
    ../fplib/scanf1.s                        0x00000000   Number         0  scanf1.o ABSOLUTE
    ../fplib/scanf2.s                        0x00000000   Number         0  scanf2.o ABSOLUTE
    ../fplib/scanf2a.s                       0x00000000   Number         0  scanf2a.o ABSOLUTE
    ../fplib/scanf2b.s                       0x00000000   Number         0  scanf2b.o ABSOLUTE
    ../fplib/trapv.s                         0x00000000   Number         0  trapv.o ABSOLUTE
    ../fplib/usenofp.s                       0x00000000   Number         0  usenofp.o ABSOLUTE
    ../mathlib/atof.c                        0x00000000   Number         0  atof.o ABSOLUTE
    ../mathlib/dunder.c                      0x00000000   Number         0  dunder.o ABSOLUTE
    ../mathlib/floor.c                       0x00000000   Number         0  floor.o ABSOLUTE
    ../mathlib/fpclassify.c                  0x00000000   Number         0  fpclassify.o ABSOLUTE
    ../mathlib/frexp.c                       0x00000000   Number         0  frexp.o ABSOLUTE
    ../mathlib/ldexp.c                       0x00000000   Number         0  ldexp.o ABSOLUTE
    ../mathlib/narrow.c                      0x00000000   Number         0  narrow.o ABSOLUTE
    ../mathlib/round.c                       0x00000000   Number         0  round.o ABSOLUTE
    Control.c                                0x00000000   Number         0  control.o ABSOLUTE
    Delay.c                                  0x00000000   Number         0  delay.o ABSOLUTE
    GPIO.c                                   0x00000000   Number         0  gpio.o ABSOLUTE
    I2C.c                                    0x00000000   Number         0  i2c.o ABSOLUTE
    LoRa.c                                   0x00000000   Number         0  lora.o ABSOLUTE
    M-GPS-Test.c                             0x00000000   Number         0  m-gps-test.o ABSOLUTE
    M-GPS.c                                  0x00000000   Number         0  m-gps.o ABSOLUTE
    PWM.c                                    0x00000000   Number         0  pwm.o ABSOLUTE
    RA_08h.c                                 0x00000000   Number         0  ra_08h.o ABSOLUTE
    RCC.c                                    0x00000000   Number         0  rcc.o ABSOLUTE
    RTE/Device/STM32F407VGTx/startup_stm32f407xx.s 0x00000000   Number         0  startup_stm32f407xx.o ABSOLUTE
    Req.c                                    0x00000000   Number         0  req.o ABSOLUTE
    SPI.c                                    0x00000000   Number         0  spi.o ABSOLUTE
    TIM4.c                                   0x00000000   Number         0  tim4.o ABSOLUTE
    USART.c                                  0x00000000   Number         0  usart.o ABSOLUTE
    as5048b.c                                0x00000000   Number         0  as5048b.o ABSOLUTE
    croutine.c                               0x00000000   Number         0  croutine.o ABSOLUTE
    dc.s                                     0x00000000   Number         0  dc.o ABSOLUTE
    event_groups.c                           0x00000000   Number         0  event_groups.o ABSOLUTE
    heap_4.c                                 0x00000000   Number         0  heap_4.o ABSOLUTE
    list.c                                   0x00000000   Number         0  list.o ABSOLUTE
    main.c                                   0x00000000   Number         0  main.o ABSOLUTE
    port.c                                   0x00000000   Number         0  port.o ABSOLUTE
    queue.c                                  0x00000000   Number         0  queue.o ABSOLUTE
    stream_buffer.c                          0x00000000   Number         0  stream_buffer.o ABSOLUTE
    system_stm32f4xx.c                       0x00000000   Number         0  system_stm32f4xx.o ABSOLUTE
    tasks.c                                  0x00000000   Number         0  tasks.o ABSOLUTE
    timers.c                                 0x00000000   Number         0  timers.o ABSOLUTE
    RESET                                    0x08000000   Section      392  startup_stm32f407xx.o(RESET)
    !!!main                                  0x08000188   Section        8  __main.o(!!!main)
    !!!scatter                               0x08000190   Section       92  __scatter.o(!!!scatter)
    !!handler_null                           0x080001ec   Section        2  __scatter.o(!!handler_null)
    !!handler_zi                             0x080001f0   Section       28  __scatter_zi.o(!!handler_zi)
    .ARM.Collect$$libinit$$00000000          0x0800020c   Section        2  libinit.o(.ARM.Collect$$libinit$$00000000)
    .ARM.Collect$$libinit$$00000001          0x0800020e   Section        4  libinit2.o(.ARM.Collect$$libinit$$00000001)
    .ARM.Collect$$libinit$$00000004          0x08000212   Section        0  libinit2.o(.ARM.Collect$$libinit$$00000004)
    .ARM.Collect$$libinit$$00000006          0x08000212   Section        0  libinit2.o(.ARM.Collect$$libinit$$00000006)
    .ARM.Collect$$libinit$$0000000C          0x08000212   Section        0  libinit2.o(.ARM.Collect$$libinit$$0000000C)
    .ARM.Collect$$libinit$$0000000E          0x08000212   Section        0  libinit2.o(.ARM.Collect$$libinit$$0000000E)
    .ARM.Collect$$libinit$$00000010          0x08000212   Section        0  libinit2.o(.ARM.Collect$$libinit$$00000010)
    .ARM.Collect$$libinit$$00000013          0x08000212   Section        0  libinit2.o(.ARM.Collect$$libinit$$00000013)
    .ARM.Collect$$libinit$$00000015          0x08000212   Section        0  libinit2.o(.ARM.Collect$$libinit$$00000015)
    .ARM.Collect$$libinit$$00000017          0x08000212   Section        0  libinit2.o(.ARM.Collect$$libinit$$00000017)
    .ARM.Collect$$libinit$$00000019          0x08000212   Section        0  libinit2.o(.ARM.Collect$$libinit$$00000019)
    .ARM.Collect$$libinit$$0000001B          0x08000212   Section        0  libinit2.o(.ARM.Collect$$libinit$$0000001B)
    .ARM.Collect$$libinit$$0000001D          0x08000212   Section        0  libinit2.o(.ARM.Collect$$libinit$$0000001D)
    .ARM.Collect$$libinit$$0000001F          0x08000212   Section        0  libinit2.o(.ARM.Collect$$libinit$$0000001F)
    .ARM.Collect$$libinit$$00000021          0x08000212   Section        0  libinit2.o(.ARM.Collect$$libinit$$00000021)
    .ARM.Collect$$libinit$$00000023          0x08000212   Section        0  libinit2.o(.ARM.Collect$$libinit$$00000023)
    .ARM.Collect$$libinit$$00000025          0x08000212   Section        0  libinit2.o(.ARM.Collect$$libinit$$00000025)
    .ARM.Collect$$libinit$$00000027          0x08000212   Section        0  libinit2.o(.ARM.Collect$$libinit$$00000027)
    .ARM.Collect$$libinit$$0000002E          0x08000212   Section        0  libinit2.o(.ARM.Collect$$libinit$$0000002E)
    .ARM.Collect$$libinit$$00000030          0x08000212   Section        0  libinit2.o(.ARM.Collect$$libinit$$00000030)
    .ARM.Collect$$libinit$$00000032          0x08000212   Section        0  libinit2.o(.ARM.Collect$$libinit$$00000032)
    .ARM.Collect$$libinit$$00000034          0x08000212   Section        0  libinit2.o(.ARM.Collect$$libinit$$00000034)
    .ARM.Collect$$libinit$$00000035          0x08000212   Section        2  libinit2.o(.ARM.Collect$$libinit$$00000035)
    .ARM.Collect$$libshutdown$$00000000      0x08000214   Section        2  libshutdown.o(.ARM.Collect$$libshutdown$$00000000)
    .ARM.Collect$$libshutdown$$00000002      0x08000216   Section        0  libshutdown2.o(.ARM.Collect$$libshutdown$$00000002)
    .ARM.Collect$$libshutdown$$00000004      0x08000216   Section        0  libshutdown2.o(.ARM.Collect$$libshutdown$$00000004)
    .ARM.Collect$$libshutdown$$00000007      0x08000216   Section        0  libshutdown2.o(.ARM.Collect$$libshutdown$$00000007)
    .ARM.Collect$$libshutdown$$0000000A      0x08000216   Section        0  libshutdown2.o(.ARM.Collect$$libshutdown$$0000000A)
    .ARM.Collect$$libshutdown$$0000000C      0x08000216   Section        0  libshutdown2.o(.ARM.Collect$$libshutdown$$0000000C)
    .ARM.Collect$$libshutdown$$0000000F      0x08000216   Section        0  libshutdown2.o(.ARM.Collect$$libshutdown$$0000000F)
    .ARM.Collect$$libshutdown$$00000010      0x08000216   Section        2  libshutdown2.o(.ARM.Collect$$libshutdown$$00000010)
    .ARM.Collect$$rtentry$$00000000          0x08000218   Section        0  __rtentry.o(.ARM.Collect$$rtentry$$00000000)
    .ARM.Collect$$rtentry$$00000002          0x08000218   Section        0  __rtentry2.o(.ARM.Collect$$rtentry$$00000002)
    .ARM.Collect$$rtentry$$00000004          0x08000218   Section        6  __rtentry4.o(.ARM.Collect$$rtentry$$00000004)
    .ARM.Collect$$rtentry$$00000009          0x0800021e   Section        0  __rtentry2.o(.ARM.Collect$$rtentry$$00000009)
    .ARM.Collect$$rtentry$$0000000A          0x0800021e   Section        4  __rtentry2.o(.ARM.Collect$$rtentry$$0000000A)
    .ARM.Collect$$rtentry$$0000000C          0x08000222   Section        0  __rtentry2.o(.ARM.Collect$$rtentry$$0000000C)
    .ARM.Collect$$rtentry$$0000000D          0x08000222   Section        8  __rtentry2.o(.ARM.Collect$$rtentry$$0000000D)
    .ARM.Collect$$rtexit$$00000000           0x0800022a   Section        2  rtexit.o(.ARM.Collect$$rtexit$$00000000)
    .ARM.Collect$$rtexit$$00000002           0x0800022c   Section        0  rtexit2.o(.ARM.Collect$$rtexit$$00000002)
    .ARM.Collect$$rtexit$$00000003           0x0800022c   Section        4  rtexit2.o(.ARM.Collect$$rtexit$$00000003)
    .ARM.Collect$$rtexit$$00000004           0x08000230   Section        6  rtexit2.o(.ARM.Collect$$rtexit$$00000004)
    $v0                                      0x08000238   Number         0  startup_stm32f407xx.o(.text)
    .text                                    0x08000238   Section       64  startup_stm32f407xx.o(.text)
    .text                                    0x08000278   Section      100  rt_memcpy_w.o(.text)
    .text                                    0x080002dc   Section        0  heapauxi.o(.text)
    .text                                    0x080002e4   Section        8  libspace.o(.text)
    .text                                    0x080002ec   Section       74  sys_stackheap_outer.o(.text)
    .text                                    0x08000336   Section        0  exit.o(.text)
    .text                                    0x08000348   Section        0  sys_exit.o(.text)
    .text                                    0x08000354   Section        2  use_no_semi.o(.text)
    .text                                    0x08000356   Section        0  indicate_semi.o(.text)
    [Anonymous Symbol]                       0x08000358   Section        0  as5048b.o(.text.AS5048B_Init)
    [Anonymous Symbol]                       0x08000378   Section        0  gpio.o(.text.DMA1_Stream1_IRQHandler)
    [Anonymous Symbol]                       0x080003f8   Section        0  delay.o(.text.Delay_ms)
    [Anonymous Symbol]                       0x08000430   Section        0  gpio.o(.text.I2C1_gpio_init)
    [Anonymous Symbol]                       0x08000540   Section        0  lora.o(.text.LoRa_gotoMode)
    [Anonymous Symbol]                       0x08000604   Section        0  lora.o(.text.LoRa_init)
    [Anonymous Symbol]                       0x08000744   Section        0  lora.o(.text.LoRa_isvalid)
    [Anonymous Symbol]                       0x08000748   Section        0  lora.o(.text.LoRa_read)
    [Anonymous Symbol]                       0x08000774   Section        0  lora.o(.text.LoRa_readReg)
    [Anonymous Symbol]                       0x080007e0   Section        0  lora.o(.text.LoRa_reset)
    [Anonymous Symbol]                       0x080007f8   Section        0  lora.o(.text.LoRa_setAutoLDO)
    [Anonymous Symbol]                       0x08000880   Section        0  lora.o(.text.LoRa_setFrequency)
    [Anonymous Symbol]                       0x080008dc   Section        0  lora.o(.text.LoRa_setLowDaraRateOptimization)
    [Anonymous Symbol]                       0x08000928   Section        0  lora.o(.text.LoRa_setOCP)
    [Anonymous Symbol]                       0x080009c4   Section        0  lora.o(.text.LoRa_setPower)
    [Anonymous Symbol]                       0x080009e0   Section        0  lora.o(.text.LoRa_setSpreadingFactor)
    [Anonymous Symbol]                       0x08000a44   Section        0  lora.o(.text.LoRa_setTOMsb_setCRCon)
    [Anonymous Symbol]                       0x08000a78   Section        0  lora.o(.text.LoRa_startReceiving)
    [Anonymous Symbol]                       0x08000a8c   Section        0  lora.o(.text.LoRa_write)
    [Anonymous Symbol]                       0x08000ac0   Section        0  lora.o(.text.LoRa_writeReg)
    [Anonymous Symbol]                       0x08000b2c   Section        0  port.o(.text.PendSV_Handler)
    [Anonymous Symbol]                       0x08000b8c   Section        0  main.o(.text.RA_02_Init)
    [Anonymous Symbol]                       0x08000c28   Section        0  gpio.o(.text.RA_02_Reset)
    [Anonymous Symbol]                       0x08000c3c   Section        0  gpio.o(.text.RA_02_Set)
    [Anonymous Symbol]                       0x08000c50   Section        0  spi.o(.text.SPI3_CS_Disable)
    [Anonymous Symbol]                       0x08000c64   Section        0  spi.o(.text.SPI3_CS_Enable)
    [Anonymous Symbol]                       0x08000c78   Section        0  gpio.o(.text.SPI3_GPIO_Init)
    [Anonymous Symbol]                       0x08000dac   Section        0  spi.o(.text.SPI3_Receive)
    [Anonymous Symbol]                       0x08000e20   Section        0  spi.o(.text.SPI3_Transmit)
    [Anonymous Symbol]                       0x08000e8c   Section        0  port.o(.text.SVC_Handler)
    [Anonymous Symbol]                       0x08000eac   Section        0  rcc.o(.text.SysClockConfig)
    [Anonymous Symbol]                       0x08000f7c   Section        0  port.o(.text.SysTick_Handler)
    [Anonymous Symbol]                       0x08000fbc   Section        0  system_stm32f4xx.o(.text.SystemInit)
    [Anonymous Symbol]                       0x08000fd0   Section        0  tim4.o(.text.TIM4_IRQHandler)
    [Anonymous Symbol]                       0x08001004   Section        0  tim4.o(.text.TIM4_Init)
    __NVIC_EnableIRQ                         0x08001069   Thumb Code    48  gpio.o(.text.__NVIC_EnableIRQ)
    [Anonymous Symbol]                       0x08001068   Section        0  gpio.o(.text.__NVIC_EnableIRQ)
    __NVIC_EnableIRQ                         0x08001099   Thumb Code    48  tim4.o(.text.__NVIC_EnableIRQ)
    [Anonymous Symbol]                       0x08001098   Section        0  tim4.o(.text.__NVIC_EnableIRQ)
    __NVIC_SetPriority                       0x080010c9   Thumb Code    66  tim4.o(.text.__NVIC_SetPriority)
    [Anonymous Symbol]                       0x080010c8   Section        0  tim4.o(.text.__NVIC_SetPriority)
    [Anonymous Symbol]                       0x0800110c   Section        0  gpio.o(.text.gpio_usart1_init)
    [Anonymous Symbol]                       0x080011e8   Section        0  gpio.o(.text.gpio_usart2_init)
    [Anonymous Symbol]                       0x080012c4   Section        0  gpio.o(.text.gpio_usart3_init)
    [Anonymous Symbol]                       0x080014a0   Section        0  main.o(.text.main)
    [Anonymous Symbol]                       0x080014e8   Section        0  lora.o(.text.newLoRa)
    prvResetNextTaskUnblockTime              0x08001515   Thumb Code    60  tasks.o(.text.prvResetNextTaskUnblockTime)
    [Anonymous Symbol]                       0x08001514   Section        0  tasks.o(.text.prvResetNextTaskUnblockTime)
    [Anonymous Symbol]                       0x08001550   Section        0  pwm.o(.text.tim1_pwm_init)
    [Anonymous Symbol]                       0x080015f8   Section        0  pwm.o(.text.tim2_pwm_init)
    [Anonymous Symbol]                       0x08001690   Section        0  pwm.o(.text.tim3_pwm_init)
    [Anonymous Symbol]                       0x0800172c   Section        0  usart.o(.text.usart2_send_char)
    [Anonymous Symbol]                       0x0800175c   Section        0  usart.o(.text.usart2_send_string)
    [Anonymous Symbol]                       0x08001780   Section        0  main.o(.text.vApplicationStackOverflowHook)
    __tagsym$$used.0                         0x080017ac   Number         0  tasks.o(.text.vTaskSwitchContext)
    [Anonymous Symbol]                       0x080017ac   Section        0  tasks.o(.text.vTaskSwitchContext)
    [Anonymous Symbol]                       0x080018ec   Section        0  tasks.o(.text.xTaskIncrementTick)
    $v0                                      0x08001b60   Number         0  dcmpi.o(x$fpl$dcmpinf)
    x$fpl$dcmpinf                            0x08001b60   Section       24  dcmpi.o(x$fpl$dcmpinf)
    $v0                                      0x08001b78   Number         0  ddiv.o(x$fpl$ddiv)
    x$fpl$ddiv                               0x08001b78   Section      696  ddiv.o(x$fpl$ddiv)
    ddiv_entry                               0x08001b7f   Thumb Code     0  ddiv.o(x$fpl$ddiv)
    $v0                                      0x08001e30   Number         0  deqf.o(x$fpl$deqf)
    x$fpl$deqf                               0x08001e30   Section      120  deqf.o(x$fpl$deqf)
    $v0                                      0x08001ea8   Number         0  dfix.o(x$fpl$dfix)
    x$fpl$dfix                               0x08001ea8   Section       94  dfix.o(x$fpl$dfix)
    $v0                                      0x08001f06   Number         0  dflt_clz.o(x$fpl$dflt)
    x$fpl$dflt                               0x08001f06   Section       46  dflt_clz.o(x$fpl$dflt)
    $v0                                      0x08001f34   Number         0  dgeqf.o(x$fpl$dgeqf)
    x$fpl$dgeqf                              0x08001f34   Section      120  dgeqf.o(x$fpl$dgeqf)
    $v0                                      0x08001fac   Number         0  dleqf.o(x$fpl$dleqf)
    x$fpl$dleqf                              0x08001fac   Section      120  dleqf.o(x$fpl$dleqf)
    $v0                                      0x08002024   Number         0  dnaninf.o(x$fpl$dnaninf)
    x$fpl$dnaninf                            0x08002024   Section      156  dnaninf.o(x$fpl$dnaninf)
    $v0                                      0x080020c0   Number         0  dretinf.o(x$fpl$dretinf)
    x$fpl$dretinf                            0x080020c0   Section       12  dretinf.o(x$fpl$dretinf)
    $v0                                      0x080020cc   Number         0  dcmp.o(x$fpl$fcmp)
    x$fpl$fcmp                               0x080020cc   Section       84  dcmp.o(x$fpl$fcmp)
    $v0                                      0x08002120   Number         0  fpinit.o(x$fpl$fpinit)
    x$fpl$fpinit                             0x08002120   Section       26  fpinit.o(x$fpl$fpinit)
    x$fpl$usenofp                            0x0800213a   Section        0  usenofp.o(x$fpl$usenofp)
    .L__const.LoRa_setAutoLDO.BW             0x08002140   Data          80  lora.o(.rodata..L__const.LoRa_setAutoLDO.BW)
    .L.str.1                                 0x08002190   Data           2  main.o(.rodata.str1.1)
    [Anonymous Symbol]                       0x08002190   Section        0  main.o(.rodata.str1.1)
    .L.str                                   0x08002192   Data          34  main.o(.rodata.str1.1)
    .bss                                     0x20000000   Section       96  libspace.o(.bss)
    __tagsym$$used.1                         0x200000b4   Number         0  tasks.o(.bss.pxCurrentTCB)
    pxDelayedTaskList                        0x200000b8   Data           4  tasks.o(.bss.pxDelayedTaskList)
    [Anonymous Symbol]                       0x200000b8   Section        0  tasks.o(.bss.pxDelayedTaskList)
    pxOverflowDelayedTaskList                0x200000bc   Data           4  tasks.o(.bss.pxOverflowDelayedTaskList)
    [Anonymous Symbol]                       0x200000bc   Section        0  tasks.o(.bss.pxOverflowDelayedTaskList)
    pxReadyTasksLists                        0x200000c0   Data         100  tasks.o(.bss.pxReadyTasksLists)
    [Anonymous Symbol]                       0x200000c0   Section        0  tasks.o(.bss.pxReadyTasksLists)
    uxSchedulerSuspended                     0x2000016c   Data           4  tasks.o(.bss.uxSchedulerSuspended)
    [Anonymous Symbol]                       0x2000016c   Section        0  tasks.o(.bss.uxSchedulerSuspended)
    uxTopReadyPriority                       0x20000170   Data           4  tasks.o(.bss.uxTopReadyPriority)
    [Anonymous Symbol]                       0x20000170   Section        0  tasks.o(.bss.uxTopReadyPriority)
    xNextTaskUnblockTime                     0x20000174   Data           4  tasks.o(.bss.xNextTaskUnblockTime)
    [Anonymous Symbol]                       0x20000174   Section        0  tasks.o(.bss.xNextTaskUnblockTime)
    xNumOfOverflows                          0x20000178   Data           4  tasks.o(.bss.xNumOfOverflows)
    [Anonymous Symbol]                       0x20000178   Section        0  tasks.o(.bss.xNumOfOverflows)
    xPendedTicks                             0x2000017c   Data           4  tasks.o(.bss.xPendedTicks)
    [Anonymous Symbol]                       0x2000017c   Section        0  tasks.o(.bss.xPendedTicks)
    xTickCount                               0x20000180   Data           4  tasks.o(.bss.xTickCount)
    [Anonymous Symbol]                       0x20000180   Section        0  tasks.o(.bss.xTickCount)
    xYieldPendings                           0x20000184   Data           4  tasks.o(.bss.xYieldPendings)
    [Anonymous Symbol]                       0x20000184   Section        0  tasks.o(.bss.xYieldPendings)
    Heap_Mem                                 0x20000188   Data         512  startup_stm32f407xx.o(HEAP)
    HEAP                                     0x20000188   Section      512  startup_stm32f407xx.o(HEAP)
    Stack_Mem                                0x20000388   Data        1024  startup_stm32f407xx.o(STACK)
    STACK                                    0x20000388   Section     1024  startup_stm32f407xx.o(STACK)
    __initial_sp                             0x20000788   Data           0  startup_stm32f407xx.o(STACK)

    Global Symbols

    Symbol Name                              Value     Ov Type        Size  Object(Section)

    BuildAttributes$$THM_ISAv4$E$P$D$K$B$S$7EM$VFPi3$EXTD16$VFPS$VFMA$PE$A:L22UL41UL21$X:L11$S22US41US21$IEEE1$IW$~IW$USESV6$~STKCKD$USESV7$~SHL$OTIME$ROPI$IEEEX$EBA8$UX$STANDARDLIB$REQ8$PRES8$EABIv2 0x00000000   Number         0  anon$$obj.o ABSOLUTE
    _printf_flags                            0x00000000   Number         0  printf_stubs.o ABSOLUTE
    _printf_return_value                     0x00000000   Number         0  printf_stubs.o ABSOLUTE
    _printf_sizespec                         0x00000000   Number         0  printf_stubs.o ABSOLUTE
    _printf_widthprec                        0x00000000   Number         0  printf_stubs.o ABSOLUTE
    __ARM_exceptions_init                     - Undefined Weak Reference
    __alloca_initialize                       - Undefined Weak Reference
    __arm_preinit_                            - Undefined Weak Reference
    __arm_relocate_pie_                       - Undefined Weak Reference
    __cpp_initialize__aeabi_                  - Undefined Weak Reference
    __cxa_finalize                            - Undefined Weak Reference
    __sigvec_lookup                           - Undefined Weak Reference
    _atexit_init                              - Undefined Weak Reference
    _call_atexit_fns                          - Undefined Weak Reference
    _clock_init                               - Undefined Weak Reference
    _fp_trap_init                             - Undefined Weak Reference
    _fp_trap_shutdown                         - Undefined Weak Reference
    _get_lc_collate                           - Undefined Weak Reference
    _get_lc_monetary                          - Undefined Weak Reference
    _get_lc_time                              - Undefined Weak Reference
    _getenv_init                              - Undefined Weak Reference
    _handle_redirection                       - Undefined Weak Reference
    _init_alloc                               - Undefined Weak Reference
    _init_user_alloc                          - Undefined Weak Reference
    _initio                                   - Undefined Weak Reference
    _printf_mbtowc                            - Undefined Weak Reference
    _printf_wc                                - Undefined Weak Reference
    _rand_init                                - Undefined Weak Reference
    _signal_finish                            - Undefined Weak Reference
    _signal_init                              - Undefined Weak Reference
    _terminate_alloc                          - Undefined Weak Reference
    _terminate_user_alloc                     - Undefined Weak Reference
    _terminateio                              - Undefined Weak Reference
    __Vectors_Size                           0x00000188   Number         0  startup_stm32f407xx.o ABSOLUTE
    __Vectors                                0x08000000   Data           4  startup_stm32f407xx.o(RESET)
    __Vectors_End                            0x08000188   Data           0  startup_stm32f407xx.o(RESET)
    __main                                   0x08000189   Thumb Code     8  __main.o(!!!main)
    __scatterload                            0x08000191   Thumb Code     0  __scatter.o(!!!scatter)
    __scatterload_rt2                        0x08000191   Thumb Code    84  __scatter.o(!!!scatter)
    __scatterload_rt2_thumb_only             0x08000191   Thumb Code     0  __scatter.o(!!!scatter)
    __scatterload_loop                       0x0800019b   Thumb Code     0  __scatter.o(!!!scatter)
    __scatterload_null                       0x080001ed   Thumb Code     2  __scatter.o(!!handler_null)
    __scatterload_zeroinit                   0x080001f1   Thumb Code    28  __scatter_zi.o(!!handler_zi)
    __rt_lib_init                            0x0800020d   Thumb Code     0  libinit.o(.ARM.Collect$$libinit$$00000000)
    __rt_lib_init_fp_1                       0x0800020f   Thumb Code     0  libinit2.o(.ARM.Collect$$libinit$$00000001)
    __rt_lib_init_alloca_1                   0x08000213   Thumb Code     0  libinit2.o(.ARM.Collect$$libinit$$00000030)
    __rt_lib_init_argv_1                     0x08000213   Thumb Code     0  libinit2.o(.ARM.Collect$$libinit$$0000002E)
    __rt_lib_init_atexit_1                   0x08000213   Thumb Code     0  libinit2.o(.ARM.Collect$$libinit$$0000001D)
    __rt_lib_init_clock_1                    0x08000213   Thumb Code     0  libinit2.o(.ARM.Collect$$libinit$$00000023)
    __rt_lib_init_cpp_1                      0x08000213   Thumb Code     0  libinit2.o(.ARM.Collect$$libinit$$00000034)
    __rt_lib_init_exceptions_1               0x08000213   Thumb Code     0  libinit2.o(.ARM.Collect$$libinit$$00000032)
    __rt_lib_init_fp_trap_1                  0x08000213   Thumb Code     0  libinit2.o(.ARM.Collect$$libinit$$00000021)
    __rt_lib_init_getenv_1                   0x08000213   Thumb Code     0  libinit2.o(.ARM.Collect$$libinit$$00000025)
    __rt_lib_init_heap_1                     0x08000213   Thumb Code     0  libinit2.o(.ARM.Collect$$libinit$$0000000C)
    __rt_lib_init_lc_collate_1               0x08000213   Thumb Code     0  libinit2.o(.ARM.Collect$$libinit$$00000013)
    __rt_lib_init_lc_ctype_1                 0x08000213   Thumb Code     0  libinit2.o(.ARM.Collect$$libinit$$00000015)
    __rt_lib_init_lc_monetary_1              0x08000213   Thumb Code     0  libinit2.o(.ARM.Collect$$libinit$$00000017)
    __rt_lib_init_lc_numeric_1               0x08000213   Thumb Code     0  libinit2.o(.ARM.Collect$$libinit$$00000019)
    __rt_lib_init_lc_time_1                  0x08000213   Thumb Code     0  libinit2.o(.ARM.Collect$$libinit$$0000001B)
    __rt_lib_init_preinit_1                  0x08000213   Thumb Code     0  libinit2.o(.ARM.Collect$$libinit$$00000006)
    __rt_lib_init_rand_1                     0x08000213   Thumb Code     0  libinit2.o(.ARM.Collect$$libinit$$00000010)
    __rt_lib_init_relocate_pie_1             0x08000213   Thumb Code     0  libinit2.o(.ARM.Collect$$libinit$$00000004)
    __rt_lib_init_return                     0x08000213   Thumb Code     0  libinit2.o(.ARM.Collect$$libinit$$00000035)
    __rt_lib_init_signal_1                   0x08000213   Thumb Code     0  libinit2.o(.ARM.Collect$$libinit$$0000001F)
    __rt_lib_init_stdio_1                    0x08000213   Thumb Code     0  libinit2.o(.ARM.Collect$$libinit$$00000027)
    __rt_lib_init_user_alloc_1               0x08000213   Thumb Code     0  libinit2.o(.ARM.Collect$$libinit$$0000000E)
    __rt_lib_shutdown                        0x08000215   Thumb Code     0  libshutdown.o(.ARM.Collect$$libshutdown$$00000000)
    __rt_lib_shutdown_cpp_1                  0x08000217   Thumb Code     0  libshutdown2.o(.ARM.Collect$$libshutdown$$00000002)
    __rt_lib_shutdown_fp_trap_1              0x08000217   Thumb Code     0  libshutdown2.o(.ARM.Collect$$libshutdown$$00000007)
    __rt_lib_shutdown_heap_1                 0x08000217   Thumb Code     0  libshutdown2.o(.ARM.Collect$$libshutdown$$0000000F)
    __rt_lib_shutdown_return                 0x08000217   Thumb Code     0  libshutdown2.o(.ARM.Collect$$libshutdown$$00000010)
    __rt_lib_shutdown_signal_1               0x08000217   Thumb Code     0  libshutdown2.o(.ARM.Collect$$libshutdown$$0000000A)
    __rt_lib_shutdown_stdio_1                0x08000217   Thumb Code     0  libshutdown2.o(.ARM.Collect$$libshutdown$$00000004)
    __rt_lib_shutdown_user_alloc_1           0x08000217   Thumb Code     0  libshutdown2.o(.ARM.Collect$$libshutdown$$0000000C)
    __rt_entry                               0x08000219   Thumb Code     0  __rtentry.o(.ARM.Collect$$rtentry$$00000000)
    __rt_entry_presh_1                       0x08000219   Thumb Code     0  __rtentry2.o(.ARM.Collect$$rtentry$$00000002)
    __rt_entry_sh                            0x08000219   Thumb Code     0  __rtentry4.o(.ARM.Collect$$rtentry$$00000004)
    __rt_entry_li                            0x0800021f   Thumb Code     0  __rtentry2.o(.ARM.Collect$$rtentry$$0000000A)
    __rt_entry_postsh_1                      0x0800021f   Thumb Code     0  __rtentry2.o(.ARM.Collect$$rtentry$$00000009)
    __rt_entry_main                          0x08000223   Thumb Code     0  __rtentry2.o(.ARM.Collect$$rtentry$$0000000D)
    __rt_entry_postli_1                      0x08000223   Thumb Code     0  __rtentry2.o(.ARM.Collect$$rtentry$$0000000C)
    __rt_exit                                0x0800022b   Thumb Code     0  rtexit.o(.ARM.Collect$$rtexit$$00000000)
    __rt_exit_ls                             0x0800022d   Thumb Code     0  rtexit2.o(.ARM.Collect$$rtexit$$00000003)
    __rt_exit_prels_1                        0x0800022d   Thumb Code     0  rtexit2.o(.ARM.Collect$$rtexit$$00000002)
    __rt_exit_exit                           0x08000231   Thumb Code     0  rtexit2.o(.ARM.Collect$$rtexit$$00000004)
    Reset_Handler                            0x08000239   Thumb Code     8  startup_stm32f407xx.o(.text)
    NMI_Handler                              0x08000241   Thumb Code     2  startup_stm32f407xx.o(.text)
    HardFault_Handler                        0x08000243   Thumb Code     2  startup_stm32f407xx.o(.text)
    MemManage_Handler                        0x08000245   Thumb Code     2  startup_stm32f407xx.o(.text)
    BusFault_Handler                         0x08000247   Thumb Code     2  startup_stm32f407xx.o(.text)
    UsageFault_Handler                       0x08000249   Thumb Code     2  startup_stm32f407xx.o(.text)
    DebugMon_Handler                         0x0800024d   Thumb Code     2  startup_stm32f407xx.o(.text)
    ADC_IRQHandler                           0x08000253   Thumb Code     0  startup_stm32f407xx.o(.text)
    CAN1_RX0_IRQHandler                      0x08000253   Thumb Code     0  startup_stm32f407xx.o(.text)
    CAN1_RX1_IRQHandler                      0x08000253   Thumb Code     0  startup_stm32f407xx.o(.text)
    CAN1_SCE_IRQHandler                      0x08000253   Thumb Code     0  startup_stm32f407xx.o(.text)
    CAN1_TX_IRQHandler                       0x08000253   Thumb Code     0  startup_stm32f407xx.o(.text)
    CAN2_RX0_IRQHandler                      0x08000253   Thumb Code     0  startup_stm32f407xx.o(.text)
    CAN2_RX1_IRQHandler                      0x08000253   Thumb Code     0  startup_stm32f407xx.o(.text)
    CAN2_SCE_IRQHandler                      0x08000253   Thumb Code     0  startup_stm32f407xx.o(.text)
    CAN2_TX_IRQHandler                       0x08000253   Thumb Code     0  startup_stm32f407xx.o(.text)
    DCMI_IRQHandler                          0x08000253   Thumb Code     0  startup_stm32f407xx.o(.text)
    DMA1_Stream0_IRQHandler                  0x08000253   Thumb Code     0  startup_stm32f407xx.o(.text)
    DMA1_Stream2_IRQHandler                  0x08000253   Thumb Code     0  startup_stm32f407xx.o(.text)
    DMA1_Stream3_IRQHandler                  0x08000253   Thumb Code     0  startup_stm32f407xx.o(.text)
    DMA1_Stream4_IRQHandler                  0x08000253   Thumb Code     0  startup_stm32f407xx.o(.text)
    DMA1_Stream5_IRQHandler                  0x08000253   Thumb Code     0  startup_stm32f407xx.o(.text)
    DMA1_Stream6_IRQHandler                  0x08000253   Thumb Code     0  startup_stm32f407xx.o(.text)
    DMA1_Stream7_IRQHandler                  0x08000253   Thumb Code     0  startup_stm32f407xx.o(.text)
    DMA2_Stream0_IRQHandler                  0x08000253   Thumb Code     0  startup_stm32f407xx.o(.text)
    DMA2_Stream1_IRQHandler                  0x08000253   Thumb Code     0  startup_stm32f407xx.o(.text)
    DMA2_Stream2_IRQHandler                  0x08000253   Thumb Code     0  startup_stm32f407xx.o(.text)
    DMA2_Stream3_IRQHandler                  0x08000253   Thumb Code     0  startup_stm32f407xx.o(.text)
    DMA2_Stream4_IRQHandler                  0x08000253   Thumb Code     0  startup_stm32f407xx.o(.text)
    DMA2_Stream5_IRQHandler                  0x08000253   Thumb Code     0  startup_stm32f407xx.o(.text)
    DMA2_Stream6_IRQHandler                  0x08000253   Thumb Code     0  startup_stm32f407xx.o(.text)
    DMA2_Stream7_IRQHandler                  0x08000253   Thumb Code     0  startup_stm32f407xx.o(.text)
    ETH_IRQHandler                           0x08000253   Thumb Code     0  startup_stm32f407xx.o(.text)
    ETH_WKUP_IRQHandler                      0x08000253   Thumb Code     0  startup_stm32f407xx.o(.text)
    EXTI0_IRQHandler                         0x08000253   Thumb Code     0  startup_stm32f407xx.o(.text)
    EXTI15_10_IRQHandler                     0x08000253   Thumb Code     0  startup_stm32f407xx.o(.text)
    EXTI1_IRQHandler                         0x08000253   Thumb Code     0  startup_stm32f407xx.o(.text)
    EXTI2_IRQHandler                         0x08000253   Thumb Code     0  startup_stm32f407xx.o(.text)
    EXTI3_IRQHandler                         0x08000253   Thumb Code     0  startup_stm32f407xx.o(.text)
    EXTI4_IRQHandler                         0x08000253   Thumb Code     0  startup_stm32f407xx.o(.text)
    EXTI9_5_IRQHandler                       0x08000253   Thumb Code     0  startup_stm32f407xx.o(.text)
    FLASH_IRQHandler                         0x08000253   Thumb Code     0  startup_stm32f407xx.o(.text)
    FMC_IRQHandler                           0x08000253   Thumb Code     0  startup_stm32f407xx.o(.text)
    FPU_IRQHandler                           0x08000253   Thumb Code     0  startup_stm32f407xx.o(.text)
    HASH_RNG_IRQHandler                      0x08000253   Thumb Code     0  startup_stm32f407xx.o(.text)
    I2C1_ER_IRQHandler                       0x08000253   Thumb Code     0  startup_stm32f407xx.o(.text)
    I2C1_EV_IRQHandler                       0x08000253   Thumb Code     0  startup_stm32f407xx.o(.text)
    I2C2_ER_IRQHandler                       0x08000253   Thumb Code     0  startup_stm32f407xx.o(.text)
    I2C2_EV_IRQHandler                       0x08000253   Thumb Code     0  startup_stm32f407xx.o(.text)
    I2C3_ER_IRQHandler                       0x08000253   Thumb Code     0  startup_stm32f407xx.o(.text)
    I2C3_EV_IRQHandler                       0x08000253   Thumb Code     0  startup_stm32f407xx.o(.text)
    OTG_FS_IRQHandler                        0x08000253   Thumb Code     0  startup_stm32f407xx.o(.text)
    OTG_FS_WKUP_IRQHandler                   0x08000253   Thumb Code     0  startup_stm32f407xx.o(.text)
    OTG_HS_EP1_IN_IRQHandler                 0x08000253   Thumb Code     0  startup_stm32f407xx.o(.text)
    OTG_HS_EP1_OUT_IRQHandler                0x08000253   Thumb Code     0  startup_stm32f407xx.o(.text)
    OTG_HS_IRQHandler                        0x08000253   Thumb Code     0  startup_stm32f407xx.o(.text)
    OTG_HS_WKUP_IRQHandler                   0x08000253   Thumb Code     0  startup_stm32f407xx.o(.text)
    PVD_IRQHandler                           0x08000253   Thumb Code     0  startup_stm32f407xx.o(.text)
    RCC_IRQHandler                           0x08000253   Thumb Code     0  startup_stm32f407xx.o(.text)
    RTC_Alarm_IRQHandler                     0x08000253   Thumb Code     0  startup_stm32f407xx.o(.text)
    RTC_WKUP_IRQHandler                      0x08000253   Thumb Code     0  startup_stm32f407xx.o(.text)
    SDIO_IRQHandler                          0x08000253   Thumb Code     0  startup_stm32f407xx.o(.text)
    SPI1_IRQHandler                          0x08000253   Thumb Code     0  startup_stm32f407xx.o(.text)
    SPI2_IRQHandler                          0x08000253   Thumb Code     0  startup_stm32f407xx.o(.text)
    SPI3_IRQHandler                          0x08000253   Thumb Code     0  startup_stm32f407xx.o(.text)
    TAMP_STAMP_IRQHandler                    0x08000253   Thumb Code     0  startup_stm32f407xx.o(.text)
    TIM1_BRK_TIM9_IRQHandler                 0x08000253   Thumb Code     0  startup_stm32f407xx.o(.text)
    TIM1_CC_IRQHandler                       0x08000253   Thumb Code     0  startup_stm32f407xx.o(.text)
    TIM1_TRG_COM_TIM11_IRQHandler            0x08000253   Thumb Code     0  startup_stm32f407xx.o(.text)
    TIM1_UP_TIM10_IRQHandler                 0x08000253   Thumb Code     0  startup_stm32f407xx.o(.text)
    TIM2_IRQHandler                          0x08000253   Thumb Code     0  startup_stm32f407xx.o(.text)
    TIM3_IRQHandler                          0x08000253   Thumb Code     0  startup_stm32f407xx.o(.text)
    TIM5_IRQHandler                          0x08000253   Thumb Code     0  startup_stm32f407xx.o(.text)
    TIM6_DAC_IRQHandler                      0x08000253   Thumb Code     0  startup_stm32f407xx.o(.text)
    TIM7_IRQHandler                          0x08000253   Thumb Code     0  startup_stm32f407xx.o(.text)
    TIM8_BRK_TIM12_IRQHandler                0x08000253   Thumb Code     0  startup_stm32f407xx.o(.text)
    TIM8_CC_IRQHandler                       0x08000253   Thumb Code     0  startup_stm32f407xx.o(.text)
    TIM8_TRG_COM_TIM14_IRQHandler            0x08000253   Thumb Code     0  startup_stm32f407xx.o(.text)
    TIM8_UP_TIM13_IRQHandler                 0x08000253   Thumb Code     0  startup_stm32f407xx.o(.text)
    UART4_IRQHandler                         0x08000253   Thumb Code     0  startup_stm32f407xx.o(.text)
    UART5_IRQHandler                         0x08000253   Thumb Code     0  startup_stm32f407xx.o(.text)
    USART1_IRQHandler                        0x08000253   Thumb Code     0  startup_stm32f407xx.o(.text)
    USART2_IRQHandler                        0x08000253   Thumb Code     0  startup_stm32f407xx.o(.text)
    USART3_IRQHandler                        0x08000253   Thumb Code     0  startup_stm32f407xx.o(.text)
    USART6_IRQHandler                        0x08000253   Thumb Code     0  startup_stm32f407xx.o(.text)
    WWDG_IRQHandler                          0x08000253   Thumb Code     0  startup_stm32f407xx.o(.text)
    __user_initial_stackheap                 0x08000255   Thumb Code     0  startup_stm32f407xx.o(.text)
    __aeabi_memcpy4                          0x08000279   Thumb Code     0  rt_memcpy_w.o(.text)
    __aeabi_memcpy8                          0x08000279   Thumb Code     0  rt_memcpy_w.o(.text)
    __rt_memcpy_w                            0x08000279   Thumb Code   100  rt_memcpy_w.o(.text)
    _memcpy_lastbytes_aligned                0x080002c1   Thumb Code     0  rt_memcpy_w.o(.text)
    __use_two_region_memory                  0x080002dd   Thumb Code     2  heapauxi.o(.text)
    __rt_heap_escrow$2region                 0x080002df   Thumb Code     2  heapauxi.o(.text)
    __rt_heap_expand$2region                 0x080002e1   Thumb Code     2  heapauxi.o(.text)
    __user_libspace                          0x080002e5   Thumb Code     8  libspace.o(.text)
    __user_perproc_libspace                  0x080002e5   Thumb Code     0  libspace.o(.text)
    __user_perthread_libspace                0x080002e5   Thumb Code     0  libspace.o(.text)
    __user_setup_stackheap                   0x080002ed   Thumb Code    74  sys_stackheap_outer.o(.text)
    exit                                     0x08000337   Thumb Code    18  exit.o(.text)
    _sys_exit                                0x08000349   Thumb Code     8  sys_exit.o(.text)
    __I$use$semihosting                      0x08000355   Thumb Code     0  use_no_semi.o(.text)
    __use_no_semihosting_swi                 0x08000355   Thumb Code     2  use_no_semi.o(.text)
    __semihosting_library_function           0x08000357   Thumb Code     0  indicate_semi.o(.text)
    AS5048B_Init                             0x08000359   Thumb Code    30  as5048b.o(.text.AS5048B_Init)
    DMA1_Stream1_IRQHandler                  0x08000379   Thumb Code   126  gpio.o(.text.DMA1_Stream1_IRQHandler)
    Delay_ms                                 0x080003f9   Thumb Code    56  delay.o(.text.Delay_ms)
    I2C1_gpio_init                           0x08000431   Thumb Code   272  gpio.o(.text.I2C1_gpio_init)
    LoRa_gotoMode                            0x08000541   Thumb Code   194  lora.o(.text.LoRa_gotoMode)
    LoRa_init                                0x08000605   Thumb Code   320  lora.o(.text.LoRa_init)
    LoRa_isvalid                             0x08000745   Thumb Code     4  lora.o(.text.LoRa_isvalid)
    LoRa_read                                0x08000749   Thumb Code    44  lora.o(.text.LoRa_read)
    LoRa_readReg                             0x08000775   Thumb Code   108  lora.o(.text.LoRa_readReg)
    LoRa_reset                               0x080007e1   Thumb Code    24  lora.o(.text.LoRa_reset)
    LoRa_setAutoLDO                          0x080007f9   Thumb Code   128  lora.o(.text.LoRa_setAutoLDO)
    LoRa_setFrequency                        0x08000881   Thumb Code    90  lora.o(.text.LoRa_setFrequency)
    LoRa_setLowDaraRateOptimization          0x080008dd   Thumb Code    74  lora.o(.text.LoRa_setLowDaraRateOptimization)
    LoRa_setOCP                              0x08000929   Thumb Code   156  lora.o(.text.LoRa_setOCP)
    LoRa_setPower                            0x080009c5   Thumb Code    28  lora.o(.text.LoRa_setPower)
    LoRa_setSpreadingFactor                  0x080009e1   Thumb Code   100  lora.o(.text.LoRa_setSpreadingFactor)
    LoRa_setTOMsb_setCRCon                   0x08000a45   Thumb Code    50  lora.o(.text.LoRa_setTOMsb_setCRCon)
    LoRa_startReceiving                      0x08000a79   Thumb Code    18  lora.o(.text.LoRa_startReceiving)
    LoRa_write                               0x08000a8d   Thumb Code    50  lora.o(.text.LoRa_write)
    LoRa_writeReg                            0x08000ac1   Thumb Code   108  lora.o(.text.LoRa_writeReg)
    PendSV_Handler                           0x08000b2d   Thumb Code    96  port.o(.text.PendSV_Handler)
    RA_02_Init                               0x08000b8d   Thumb Code   154  main.o(.text.RA_02_Init)
    RA_02_Reset                              0x08000c29   Thumb Code    18  gpio.o(.text.RA_02_Reset)
    RA_02_Set                                0x08000c3d   Thumb Code    18  gpio.o(.text.RA_02_Set)
    SPI3_CS_Disable                          0x08000c51   Thumb Code    18  spi.o(.text.SPI3_CS_Disable)
    SPI3_CS_Enable                           0x08000c65   Thumb Code    18  spi.o(.text.SPI3_CS_Enable)
    SPI3_GPIO_Init                           0x08000c79   Thumb Code   306  gpio.o(.text.SPI3_GPIO_Init)
    SPI3_Receive                             0x08000dad   Thumb Code   116  spi.o(.text.SPI3_Receive)
    SPI3_Transmit                            0x08000e21   Thumb Code   106  spi.o(.text.SPI3_Transmit)
    SVC_Handler                              0x08000e8d   Thumb Code    32  port.o(.text.SVC_Handler)
    SysClockConfig                           0x08000ead   Thumb Code   208  rcc.o(.text.SysClockConfig)
    SysTick_Handler                          0x08000f7d   Thumb Code    62  port.o(.text.SysTick_Handler)
    SystemInit                               0x08000fbd   Thumb Code    18  system_stm32f4xx.o(.text.SystemInit)
    TIM4_IRQHandler                          0x08000fd1   Thumb Code    50  tim4.o(.text.TIM4_IRQHandler)
    TIM4_Init                                0x08001005   Thumb Code    98  tim4.o(.text.TIM4_Init)
    gpio_usart1_init                         0x0800110d   Thumb Code   220  gpio.o(.text.gpio_usart1_init)
    gpio_usart2_init                         0x080011e9   Thumb Code   220  gpio.o(.text.gpio_usart2_init)
    gpio_usart3_init                         0x080012c5   Thumb Code   476  gpio.o(.text.gpio_usart3_init)
    main                                     0x080014a1   Thumb Code    70  main.o(.text.main)
    newLoRa                                  0x080014e9   Thumb Code    42  lora.o(.text.newLoRa)
    tim1_pwm_init                            0x08001551   Thumb Code   166  pwm.o(.text.tim1_pwm_init)
    tim2_pwm_init                            0x080015f9   Thumb Code   152  pwm.o(.text.tim2_pwm_init)
    tim3_pwm_init                            0x08001691   Thumb Code   156  pwm.o(.text.tim3_pwm_init)
    usart2_send_char                         0x0800172d   Thumb Code    46  usart.o(.text.usart2_send_char)
    usart2_send_string                       0x0800175d   Thumb Code    34  usart.o(.text.usart2_send_string)
    vApplicationStackOverflowHook            0x08001781   Thumb Code    42  main.o(.text.vApplicationStackOverflowHook)
    vTaskSwitchContext                       0x080017ad   Thumb Code   318  tasks.o(.text.vTaskSwitchContext)
    xTaskIncrementTick                       0x080018ed   Thumb Code   628  tasks.o(.text.xTaskIncrementTick)
    __fpl_dcmp_Inf                           0x08001b61   Thumb Code    24  dcmpi.o(x$fpl$dcmpinf)
    __aeabi_ddiv                             0x08001b79   Thumb Code     0  ddiv.o(x$fpl$ddiv)
    _ddiv                                    0x08001b79   Thumb Code   560  ddiv.o(x$fpl$ddiv)
    __aeabi_cdcmpeq                          0x08001e31   Thumb Code     0  deqf.o(x$fpl$deqf)
    _dcmpeq                                  0x08001e31   Thumb Code   120  deqf.o(x$fpl$deqf)
    __aeabi_d2iz                             0x08001ea9   Thumb Code     0  dfix.o(x$fpl$dfix)
    _dfix                                    0x08001ea9   Thumb Code    94  dfix.o(x$fpl$dfix)
    __aeabi_i2d                              0x08001f07   Thumb Code     0  dflt_clz.o(x$fpl$dflt)
    _dflt                                    0x08001f07   Thumb Code    46  dflt_clz.o(x$fpl$dflt)
    __aeabi_cdcmpge                          0x08001f35   Thumb Code     0  dgeqf.o(x$fpl$dgeqf)
    _dcmpge                                  0x08001f35   Thumb Code   120  dgeqf.o(x$fpl$dgeqf)
    __aeabi_cdcmple                          0x08001fad   Thumb Code     0  dleqf.o(x$fpl$dleqf)
    _dcmple                                  0x08001fad   Thumb Code   120  dleqf.o(x$fpl$dleqf)
    __fpl_dcmple_InfNaN                      0x0800200f   Thumb Code     0  dleqf.o(x$fpl$dleqf)
    __fpl_dnaninf                            0x08002025   Thumb Code   156  dnaninf.o(x$fpl$dnaninf)
    __fpl_dretinf                            0x080020c1   Thumb Code    12  dretinf.o(x$fpl$dretinf)
    __aeabi_dcmpeq                           0x080020cd   Thumb Code     0  dcmp.o(x$fpl$fcmp)
    _deq                                     0x080020cd   Thumb Code    14  dcmp.o(x$fpl$fcmp)
    _dneq                                    0x080020db   Thumb Code    14  dcmp.o(x$fpl$fcmp)
    __aeabi_dcmpgt                           0x080020e9   Thumb Code     0  dcmp.o(x$fpl$fcmp)
    _dgr                                     0x080020e9   Thumb Code    14  dcmp.o(x$fpl$fcmp)
    __aeabi_dcmpge                           0x080020f7   Thumb Code     0  dcmp.o(x$fpl$fcmp)
    _dgeq                                    0x080020f7   Thumb Code    14  dcmp.o(x$fpl$fcmp)
    __aeabi_dcmple                           0x08002105   Thumb Code     0  dcmp.o(x$fpl$fcmp)
    _dleq                                    0x08002105   Thumb Code    14  dcmp.o(x$fpl$fcmp)
    __aeabi_dcmplt                           0x08002113   Thumb Code     0  dcmp.o(x$fpl$fcmp)
    _dls                                     0x08002113   Thumb Code    14  dcmp.o(x$fpl$fcmp)
    _fp_init                                 0x08002121   Thumb Code    26  fpinit.o(x$fpl$fpinit)
    __fplib_config_fpu_vfp                   0x08002139   Thumb Code     0  fpinit.o(x$fpl$fpinit)
    __fplib_config_pureend_doubles           0x08002139   Thumb Code     0  fpinit.o(x$fpl$fpinit)
    __I$use$fp                               0x0800213a   Number         0  usenofp.o(x$fpl$usenofp)
    Region$$Table$$Base                      0x080021b4   Number         0  anon$$obj.o(Region$$Table)
    Region$$Table$$Limit                     0x080021c4   Number         0  anon$$obj.o(Region$$Table)
    __libspace_start                         0x20000000   Data          96  libspace.o(.bss)
    RA02                                     0x20000060   Data          40  main.o(.bss.RA02)
    __temporary_stack_top$libspace           0x20000060   Data           0  libspace.o(.bss)
    as5048b                                  0x20000088   Data           4  main.o(.bss.as5048b)
    pGPIOA                                   0x2000008c   Data           4  gpio.o(.bss.pGPIOA)
    pGPIOB                                   0x20000090   Data           4  gpio.o(.bss.pGPIOB)
    pGPIOC                                   0x20000094   Data           4  gpio.o(.bss.pGPIOC)
    pGPIOD                                   0x20000098   Data           4  gpio.o(.bss.pGPIOD)
    pI2C1                                    0x2000009c   Data           4  gpio.o(.bss.pI2C1)
    pRCC                                     0x200000a0   Data           4  gpio.o(.bss.pRCC)
    pSPI3                                    0x200000a4   Data           4  gpio.o(.bss.pSPI3)
    pUSART1                                  0x200000a8   Data           4  gpio.o(.bss.pUSART1)
    pUSART2                                  0x200000ac   Data           4  gpio.o(.bss.pUSART2)
    pUSART3                                  0x200000b0   Data           4  gpio.o(.bss.pUSART3)
    pxCurrentTCB                             0x200000b4   Data           4  tasks.o(.bss.pxCurrentTCB)
    rx_data_length                           0x20000124   Data           2  req.o(.bss.rx_data_length)
    rx_data_ready_flag                       0x20000126   Data           1  req.o(.bss.rx_data_ready_flag)
    rx_dma_buffer                            0x20000127   Data          64  req.o(.bss.rx_dma_buffer)
    uwTick                                   0x20000168   Data           4  tim4.o(.bss.uwTick)



==============================================================================

Memory Map of the image

  Image Entry point : 0x08000239

  Load Region LR_1 (Base: 0x08000000, Size: 0x000021c4, Max: 0xffffffff, ABSOLUTE)

    Execution Region ER_RO (Exec base: 0x08000000, Load base: 0x08000000, Size: 0x000021c4, Max: 0xffffffff, ABSOLUTE)

    Exec Addr    Load Addr    Size         Type   Attr      Idx    E Section Name        Object

    0x08000000   0x08000000   0x00000188   Data   RO          828    RESET               startup_stm32f407xx.o
    0x08000188   0x08000188   0x00000008   Code   RO          877  * !!!main             c_w.l(__main.o)
    0x08000190   0x08000190   0x0000005c   Code   RO         1382    !!!scatter          c_w.l(__scatter.o)
    0x080001ec   0x080001ec   0x00000002   Code   RO         1383    !!handler_null      c_w.l(__scatter.o)
    0x080001ee   0x080001ee   0x00000002   PAD
    0x080001f0   0x080001f0   0x0000001c   Code   RO         1386    !!handler_zi        c_w.l(__scatter_zi.o)
    0x0800020c   0x0800020c   0x00000002   Code   RO         1177    .ARM.Collect$$libinit$$00000000  c_w.l(libinit.o)
    0x0800020e   0x0800020e   0x00000004   Code   RO         1178    .ARM.Collect$$libinit$$00000001  c_w.l(libinit2.o)
    0x08000212   0x08000212   0x00000000   Code   RO         1181    .ARM.Collect$$libinit$$00000004  c_w.l(libinit2.o)
    0x08000212   0x08000212   0x00000000   Code   RO         1183    .ARM.Collect$$libinit$$00000006  c_w.l(libinit2.o)
    0x08000212   0x08000212   0x00000000   Code   RO         1186    .ARM.Collect$$libinit$$0000000C  c_w.l(libinit2.o)
    0x08000212   0x08000212   0x00000000   Code   RO         1188    .ARM.Collect$$libinit$$0000000E  c_w.l(libinit2.o)
    0x08000212   0x08000212   0x00000000   Code   RO         1190    .ARM.Collect$$libinit$$00000010  c_w.l(libinit2.o)
    0x08000212   0x08000212   0x00000000   Code   RO         1193    .ARM.Collect$$libinit$$00000013  c_w.l(libinit2.o)
    0x08000212   0x08000212   0x00000000   Code   RO         1195    .ARM.Collect$$libinit$$00000015  c_w.l(libinit2.o)
    0x08000212   0x08000212   0x00000000   Code   RO         1197    .ARM.Collect$$libinit$$00000017  c_w.l(libinit2.o)
    0x08000212   0x08000212   0x00000000   Code   RO         1199    .ARM.Collect$$libinit$$00000019  c_w.l(libinit2.o)
    0x08000212   0x08000212   0x00000000   Code   RO         1201    .ARM.Collect$$libinit$$0000001B  c_w.l(libinit2.o)
    0x08000212   0x08000212   0x00000000   Code   RO         1203    .ARM.Collect$$libinit$$0000001D  c_w.l(libinit2.o)
    0x08000212   0x08000212   0x00000000   Code   RO         1205    .ARM.Collect$$libinit$$0000001F  c_w.l(libinit2.o)
    0x08000212   0x08000212   0x00000000   Code   RO         1207    .ARM.Collect$$libinit$$00000021  c_w.l(libinit2.o)
    0x08000212   0x08000212   0x00000000   Code   RO         1209    .ARM.Collect$$libinit$$00000023  c_w.l(libinit2.o)
    0x08000212   0x08000212   0x00000000   Code   RO         1211    .ARM.Collect$$libinit$$00000025  c_w.l(libinit2.o)
    0x08000212   0x08000212   0x00000000   Code   RO         1213    .ARM.Collect$$libinit$$00000027  c_w.l(libinit2.o)
    0x08000212   0x08000212   0x00000000   Code   RO         1217    .ARM.Collect$$libinit$$0000002E  c_w.l(libinit2.o)
    0x08000212   0x08000212   0x00000000   Code   RO         1219    .ARM.Collect$$libinit$$00000030  c_w.l(libinit2.o)
    0x08000212   0x08000212   0x00000000   Code   RO         1221    .ARM.Collect$$libinit$$00000032  c_w.l(libinit2.o)
    0x08000212   0x08000212   0x00000000   Code   RO         1223    .ARM.Collect$$libinit$$00000034  c_w.l(libinit2.o)
    0x08000212   0x08000212   0x00000002   Code   RO         1224    .ARM.Collect$$libinit$$00000035  c_w.l(libinit2.o)
    0x08000214   0x08000214   0x00000002   Code   RO         1306    .ARM.Collect$$libshutdown$$00000000  c_w.l(libshutdown.o)
    0x08000216   0x08000216   0x00000000   Code   RO         1333    .ARM.Collect$$libshutdown$$00000002  c_w.l(libshutdown2.o)
    0x08000216   0x08000216   0x00000000   Code   RO         1335    .ARM.Collect$$libshutdown$$00000004  c_w.l(libshutdown2.o)
    0x08000216   0x08000216   0x00000000   Code   RO         1338    .ARM.Collect$$libshutdown$$00000007  c_w.l(libshutdown2.o)
    0x08000216   0x08000216   0x00000000   Code   RO         1341    .ARM.Collect$$libshutdown$$0000000A  c_w.l(libshutdown2.o)
    0x08000216   0x08000216   0x00000000   Code   RO         1343    .ARM.Collect$$libshutdown$$0000000C  c_w.l(libshutdown2.o)
    0x08000216   0x08000216   0x00000000   Code   RO         1346    .ARM.Collect$$libshutdown$$0000000F  c_w.l(libshutdown2.o)
    0x08000216   0x08000216   0x00000002   Code   RO         1347    .ARM.Collect$$libshutdown$$00000010  c_w.l(libshutdown2.o)
    0x08000218   0x08000218   0x00000000   Code   RO          919    .ARM.Collect$$rtentry$$00000000  c_w.l(__rtentry.o)
    0x08000218   0x08000218   0x00000000   Code   RO         1067    .ARM.Collect$$rtentry$$00000002  c_w.l(__rtentry2.o)
    0x08000218   0x08000218   0x00000006   Code   RO         1079    .ARM.Collect$$rtentry$$00000004  c_w.l(__rtentry4.o)
    0x0800021e   0x0800021e   0x00000000   Code   RO         1069    .ARM.Collect$$rtentry$$00000009  c_w.l(__rtentry2.o)
    0x0800021e   0x0800021e   0x00000004   Code   RO         1070    .ARM.Collect$$rtentry$$0000000A  c_w.l(__rtentry2.o)
    0x08000222   0x08000222   0x00000000   Code   RO         1072    .ARM.Collect$$rtentry$$0000000C  c_w.l(__rtentry2.o)
    0x08000222   0x08000222   0x00000008   Code   RO         1073    .ARM.Collect$$rtentry$$0000000D  c_w.l(__rtentry2.o)
    0x0800022a   0x0800022a   0x00000002   Code   RO         1247    .ARM.Collect$$rtexit$$00000000  c_w.l(rtexit.o)
    0x0800022c   0x0800022c   0x00000000   Code   RO         1268    .ARM.Collect$$rtexit$$00000002  c_w.l(rtexit2.o)
    0x0800022c   0x0800022c   0x00000004   Code   RO         1269    .ARM.Collect$$rtexit$$00000003  c_w.l(rtexit2.o)
    0x08000230   0x08000230   0x00000006   Code   RO         1270    .ARM.Collect$$rtexit$$00000004  c_w.l(rtexit2.o)
    0x08000236   0x08000236   0x00000002   PAD
    0x08000238   0x08000238   0x00000040   Code   RO          829  * .text               startup_stm32f407xx.o
    0x08000278   0x08000278   0x00000064   Code   RO          865    .text               c_w.l(rt_memcpy_w.o)
    0x080002dc   0x080002dc   0x00000006   Code   RO          875    .text               c_w.l(heapauxi.o)
    0x080002e2   0x080002e2   0x00000002   PAD
    0x080002e4   0x080002e4   0x00000008   Code   RO         1063    .text               c_w.l(libspace.o)
    0x080002ec   0x080002ec   0x0000004a   Code   RO         1124    .text               c_w.l(sys_stackheap_outer.o)
    0x08000336   0x08000336   0x00000012   Code   RO         1168    .text               c_w.l(exit.o)
    0x08000348   0x08000348   0x0000000c   Code   RO         1292    .text               c_w.l(sys_exit.o)
    0x08000354   0x08000354   0x00000002   Code   RO         1323    .text               c_w.l(use_no_semi.o)
    0x08000356   0x08000356   0x00000000   Code   RO         1325    .text               c_w.l(indicate_semi.o)
    0x08000356   0x08000356   0x00000002   PAD
    0x08000358   0x08000358   0x0000001e   Code   RO          797    .text.AS5048B_Init  as5048b.o
    0x08000376   0x08000376   0x00000002   PAD
    0x08000378   0x08000378   0x0000007e   Code   RO           35    .text.DMA1_Stream1_IRQHandler  gpio.o
    0x080003f6   0x080003f6   0x00000002   PAD
    0x080003f8   0x080003f8   0x00000038   Code   RO          121    .text.Delay_ms      delay.o
    0x08000430   0x08000430   0x00000110   Code   RO           37    .text.I2C1_gpio_init  gpio.o
    0x08000540   0x08000540   0x000000c2   Code   RO          665    .text.LoRa_gotoMode  lora.o
    0x08000602   0x08000602   0x00000002   PAD
    0x08000604   0x08000604   0x00000140   Code   RO          703    .text.LoRa_init     lora.o
    0x08000744   0x08000744   0x00000004   Code   RO          693    .text.LoRa_isvalid  lora.o
    0x08000748   0x08000748   0x0000002c   Code   RO          667    .text.LoRa_read     lora.o
    0x08000774   0x08000774   0x0000006c   Code   RO          671    .text.LoRa_readReg  lora.o
    0x080007e0   0x080007e0   0x00000018   Code   RO          663    .text.LoRa_reset    lora.o
    0x080007f8   0x080007f8   0x00000088   Code   RO          677    .text.LoRa_setAutoLDO  lora.o
    0x08000880   0x08000880   0x0000005a   Code   RO          679    .text.LoRa_setFrequency  lora.o
    0x080008da   0x080008da   0x00000002   PAD
    0x080008dc   0x080008dc   0x0000004a   Code   RO          675    .text.LoRa_setLowDaraRateOptimization  lora.o
    0x08000926   0x08000926   0x00000002   PAD
    0x08000928   0x08000928   0x0000009c   Code   RO          685    .text.LoRa_setOCP   lora.o
    0x080009c4   0x080009c4   0x0000001c   Code   RO          683    .text.LoRa_setPower  lora.o
    0x080009e0   0x080009e0   0x00000064   Code   RO          681    .text.LoRa_setSpreadingFactor  lora.o
    0x08000a44   0x08000a44   0x00000032   Code   RO          687    .text.LoRa_setTOMsb_setCRCon  lora.o
    0x08000a76   0x08000a76   0x00000002   PAD
    0x08000a78   0x08000a78   0x00000012   Code   RO          697    .text.LoRa_startReceiving  lora.o
    0x08000a8a   0x08000a8a   0x00000002   PAD
    0x08000a8c   0x08000a8c   0x00000032   Code   RO          669    .text.LoRa_write    lora.o
    0x08000abe   0x08000abe   0x00000002   PAD
    0x08000ac0   0x08000ac0   0x0000006c   Code   RO          673    .text.LoRa_writeReg  lora.o
    0x08000b2c   0x08000b2c   0x00000060   Code   RO          597    .text.PendSV_Handler  port.o
    0x08000b8c   0x08000b8c   0x0000009a   Code   RO            4    .text.RA_02_Init    main.o
    0x08000c26   0x08000c26   0x00000002   PAD
    0x08000c28   0x08000c28   0x00000012   Code   RO           45    .text.RA_02_Reset   gpio.o
    0x08000c3a   0x08000c3a   0x00000002   PAD
    0x08000c3c   0x08000c3c   0x00000012   Code   RO           47    .text.RA_02_Set     gpio.o
    0x08000c4e   0x08000c4e   0x00000002   PAD
    0x08000c50   0x08000c50   0x00000012   Code   RO          175    .text.SPI3_CS_Disable  spi.o
    0x08000c62   0x08000c62   0x00000002   PAD
    0x08000c64   0x08000c64   0x00000012   Code   RO          173    .text.SPI3_CS_Enable  spi.o
    0x08000c76   0x08000c76   0x00000002   PAD
    0x08000c78   0x08000c78   0x00000132   Code   RO           39    .text.SPI3_GPIO_Init  gpio.o
    0x08000daa   0x08000daa   0x00000002   PAD
    0x08000dac   0x08000dac   0x00000074   Code   RO          177    .text.SPI3_Receive  spi.o
    0x08000e20   0x08000e20   0x0000006a   Code   RO          171    .text.SPI3_Transmit  spi.o
    0x08000e8a   0x08000e8a   0x00000002   PAD
    0x08000e8c   0x08000e8c   0x00000020   Code   RO          593    .text.SVC_Handler   port.o
    0x08000eac   0x08000eac   0x000000d0   Code   RO           80    .text.SysClockConfig  rcc.o
    0x08000f7c   0x08000f7c   0x0000003e   Code   RO          611    .text.SysTick_Handler  port.o
    0x08000fba   0x08000fba   0x00000002   PAD
    0x08000fbc   0x08000fbc   0x00000012   Code   RO          836    .text.SystemInit    system_stm32f4xx.o
    0x08000fce   0x08000fce   0x00000002   PAD
    0x08000fd0   0x08000fd0   0x00000032   Code   RO          192    .text.TIM4_IRQHandler  tim4.o
    0x08001002   0x08001002   0x00000002   PAD
    0x08001004   0x08001004   0x00000062   Code   RO          186    .text.TIM4_Init     tim4.o
    0x08001066   0x08001066   0x00000002   PAD
    0x08001068   0x08001068   0x00000030   Code   RO           33    .text.__NVIC_EnableIRQ  gpio.o
    0x08001098   0x08001098   0x00000030   Code   RO          190    .text.__NVIC_EnableIRQ  tim4.o
    0x080010c8   0x080010c8   0x00000042   Code   RO          188    .text.__NVIC_SetPriority  tim4.o
    0x0800110a   0x0800110a   0x00000002   PAD
    0x0800110c   0x0800110c   0x000000dc   Code   RO           27    .text.gpio_usart1_init  gpio.o
    0x080011e8   0x080011e8   0x000000dc   Code   RO           29    .text.gpio_usart2_init  gpio.o
    0x080012c4   0x080012c4   0x000001dc   Code   RO           31    .text.gpio_usart3_init  gpio.o
    0x080014a0   0x080014a0   0x00000046   Code   RO            2    .text.main          main.o
    0x080014e6   0x080014e6   0x00000002   PAD
    0x080014e8   0x080014e8   0x0000002a   Code   RO          661    .text.newLoRa       lora.o
    0x08001512   0x08001512   0x00000002   PAD
    0x08001514   0x08001514   0x0000003c   Code   RO          434    .text.prvResetNextTaskUnblockTime  tasks.o
    0x08001550   0x08001550   0x000000a6   Code   RO          204    .text.tim1_pwm_init  pwm.o
    0x080015f6   0x080015f6   0x00000002   PAD
    0x080015f8   0x080015f8   0x00000098   Code   RO          206    .text.tim2_pwm_init  pwm.o
    0x08001690   0x08001690   0x0000009c   Code   RO          208    .text.tim3_pwm_init  pwm.o
    0x0800172c   0x0800172c   0x0000002e   Code   RO          100    .text.usart2_send_char  usart.o
    0x0800175a   0x0800175a   0x00000002   PAD
    0x0800175c   0x0800175c   0x00000022   Code   RO          102    .text.usart2_send_string  usart.o
    0x0800177e   0x0800177e   0x00000002   PAD
    0x08001780   0x08001780   0x0000002a   Code   RO            6    .text.vApplicationStackOverflowHook  main.o
    0x080017aa   0x080017aa   0x00000002   PAD
    0x080017ac   0x080017ac   0x0000013e   Code   RO          462    .text.vTaskSwitchContext  tasks.o
    0x080018ea   0x080018ea   0x00000002   PAD
    0x080018ec   0x080018ec   0x00000274   Code   RO          478    .text.xTaskIncrementTick  tasks.o
    0x08001b60   0x08001b60   0x00000018   Code   RO         1122    x$fpl$dcmpinf       fz_wm.l(dcmpi.o)
    0x08001b78   0x08001b78   0x000002b8   Code   RO          888    x$fpl$ddiv          fz_wm.l(ddiv.o)
    0x08001e30   0x08001e30   0x00000078   Code   RO         1038    x$fpl$deqf          fz_wm.l(deqf.o)
    0x08001ea8   0x08001ea8   0x0000005e   Code   RO          891    x$fpl$dfix          fz_wm.l(dfix.o)
    0x08001f06   0x08001f06   0x0000002e   Code   RO          896    x$fpl$dflt          fz_wm.l(dflt_clz.o)
    0x08001f34   0x08001f34   0x00000078   Code   RO         1040    x$fpl$dgeqf         fz_wm.l(dgeqf.o)
    0x08001fac   0x08001fac   0x00000078   Code   RO         1042    x$fpl$dleqf         fz_wm.l(dleqf.o)
    0x08002024   0x08002024   0x0000009c   Code   RO         1044    x$fpl$dnaninf       fz_wm.l(dnaninf.o)
    0x080020c0   0x080020c0   0x0000000c   Code   RO         1046    x$fpl$dretinf       fz_wm.l(dretinf.o)
    0x080020cc   0x080020cc   0x00000054   Code   RO          885    x$fpl$fcmp          fz_wm.l(dcmp.o)
    0x08002120   0x08002120   0x0000001a   Code   RO         1259    x$fpl$fpinit        fz_wm.l(fpinit.o)
    0x0800213a   0x0800213a   0x00000000   Code   RO         1062    x$fpl$usenofp       fz_wm.l(usenofp.o)
    0x0800213a   0x0800213a   0x00000006   PAD
    0x08002140   0x08002140   0x00000050   Data   RO          705    .rodata..L__const.LoRa_setAutoLDO.BW  lora.o
    0x08002190   0x08002190   0x00000024   Data   RO           11    .rodata.str1.1      main.o
    0x080021b4   0x080021b4   0x00000010   Data   RO         1381    Region$$Table       anon$$obj.o


    Execution Region ER_RW (Exec base: 0x20000000, Load base: 0x080021c4, Size: 0x00000000, Max: 0xffffffff, ABSOLUTE)

    **** No section assigned to this execution region ****


    Execution Region ER_ZI (Exec base: 0x20000000, Load base: 0x080021c4, Size: 0x00000788, Max: 0xffffffff, ABSOLUTE)

    Exec Addr    Load Addr    Size         Type   Attr      Idx    E Section Name        Object

    0x20000000        -       0x00000060   Zero   RW         1064    .bss                c_w.l(libspace.o)
    0x20000060        -       0x00000028   Zero   RW           12    .bss.RA02           main.o
    0x20000088        -       0x00000004   Zero   RW           10    .bss.as5048b        main.o
    0x2000008c        -       0x00000004   Zero   RW           64    .bss.pGPIOA         gpio.o
    0x20000090        -       0x00000004   Zero   RW           69    .bss.pGPIOB         gpio.o
    0x20000094        -       0x00000004   Zero   RW           71    .bss.pGPIOC         gpio.o
    0x20000098        -       0x00000004   Zero   RW           67    .bss.pGPIOD         gpio.o
    0x2000009c        -       0x00000004   Zero   RW           70    .bss.pI2C1          gpio.o
    0x200000a0        -       0x00000004   Zero   RW           63    .bss.pRCC           gpio.o
    0x200000a4        -       0x00000004   Zero   RW           72    .bss.pSPI3          gpio.o
    0x200000a8        -       0x00000004   Zero   RW           65    .bss.pUSART1        gpio.o
    0x200000ac        -       0x00000004   Zero   RW           66    .bss.pUSART2        gpio.o
    0x200000b0        -       0x00000004   Zero   RW           68    .bss.pUSART3        gpio.o
    0x200000b4        -       0x00000004   Zero   RW          558    .bss.pxCurrentTCB   tasks.o
    0x200000b8        -       0x00000004   Zero   RW          568    .bss.pxDelayedTaskList  tasks.o
    0x200000bc        -       0x00000004   Zero   RW          569    .bss.pxOverflowDelayedTaskList  tasks.o
    0x200000c0        -       0x00000064   Zero   RW          559    .bss.pxReadyTasksLists  tasks.o
    0x20000124        -       0x00000002   Zero   RW          132    .bss.rx_data_length  req.o
    0x20000126        -       0x00000001   Zero   RW          131    .bss.rx_data_ready_flag  req.o
    0x20000127        -       0x00000040   Zero   RW          130    .bss.rx_dma_buffer  req.o
    0x20000167   0x080021c4   0x00000001   PAD
    0x20000168        -       0x00000004   Zero   RW          196    .bss.uwTick         tim4.o
    0x2000016c        -       0x00000004   Zero   RW          566    .bss.uxSchedulerSuspended  tasks.o
    0x20000170        -       0x00000004   Zero   RW          560    .bss.uxTopReadyPriority  tasks.o
    0x20000174        -       0x00000004   Zero   RW          573    .bss.xNextTaskUnblockTime  tasks.o
    0x20000178        -       0x00000004   Zero   RW          577    .bss.xNumOfOverflows  tasks.o
    0x2000017c        -       0x00000004   Zero   RW          576    .bss.xPendedTicks   tasks.o
    0x20000180        -       0x00000004   Zero   RW          567    .bss.xTickCount     tasks.o
    0x20000184        -       0x00000004   Zero   RW          572    .bss.xYieldPendings  tasks.o
    0x20000188        -       0x00000200   Zero   RW          827    HEAP                startup_stm32f407xx.o
    0x20000388        -       0x00000400   Zero   RW          826    STACK               startup_stm32f407xx.o


==============================================================================

Image component sizes


      Code (inc. data)   RO Data    RW Data    ZI Data      Debug   Object Name

        30          0          0          0          0       1707   as5048b.o
        56          0          0          0          0       2220   delay.o
      1704          0          0          0         40       7790   gpio.o
      1546          8         80          0          0       6481   lora.o
       266          0         36          0         44       2513   main.o
       190          8          0          0          0       4086   port.o
       474          0          0          0          0       3547   pwm.o
       208          0          0          0          0       1712   rcc.o
         0          0          0          0         67        763   req.o
       258          0          0          0          0       1838   spi.o
        64         26        392          0       1536        916   startup_stm32f407xx.o
        18          0          0          0          0       2771   system_stm32f4xx.o
      1006          0          0          0        140      27211   tasks.o
       262          0          0          0          4       5352   tim4.o
        80          0          0          0          0       2644   usart.o

    ----------------------------------------------------------------------
      6216         42        524          0       1832      71551   Object Totals
         0          0         16          0          0          0   (incl. Generated)
        54          0          0          0          1          0   (incl. Padding)

    ----------------------------------------------------------------------

      Code (inc. data)   RO Data    RW Data    ZI Data      Debug   Library Member Name

         8          0          0          0          0         68   __main.o
         0          0          0          0          0          0   __rtentry.o
        12          0          0          0          0          0   __rtentry2.o
         6          0          0          0          0          0   __rtentry4.o
        94          8          0          0          0          0   __scatter.o
        28          0          0          0          0          0   __scatter_zi.o
        18          0          0          0          0         80   exit.o
         6          0          0          0          0        152   heapauxi.o
         0          0          0          0          0          0   indicate_semi.o
         2          0          0          0          0          0   libinit.o
         6          0          0          0          0          0   libinit2.o
         2          0          0          0          0          0   libshutdown.o
         2          0          0          0          0          0   libshutdown2.o
         8          4          0          0         96         68   libspace.o
       100          0          0          0          0         80   rt_memcpy_w.o
         2          0          0          0          0          0   rtexit.o
        10          0          0          0          0          0   rtexit2.o
        12          4          0          0          0         68   sys_exit.o
        74          0          0          0          0         80   sys_stackheap_outer.o
         2          0          0          0          0         68   use_no_semi.o
        84          0          0          0          0        244   dcmp.o
        24          0          0          0          0        116   dcmpi.o
       696        140          0          0          0        264   ddiv.o
       120          4          0          0          0        140   deqf.o
        94          4          0          0          0        140   dfix.o
        46          0          0          0          0        116   dflt_clz.o
       120          4          0          0          0        140   dgeqf.o
       120          4          0          0          0        140   dleqf.o
       156          4          0          0          0        140   dnaninf.o
        12          0          0          0          0        116   dretinf.o
        26          0          0          0          0        116   fpinit.o
         0          0          0          0          0          0   usenofp.o

    ----------------------------------------------------------------------
      1904        176          0          0         96       2336   Library Totals
        14          0          0          0          0          0   (incl. Padding)

    ----------------------------------------------------------------------

      Code (inc. data)   RO Data    RW Data    ZI Data      Debug   Library Name

       392         16          0          0         96        664   c_w.l
      1498        160          0          0          0       1672   fz_wm.l

    ----------------------------------------------------------------------
      1904        176          0          0         96       2336   Library Totals

    ----------------------------------------------------------------------

==============================================================================


      Code (inc. data)   RO Data    RW Data    ZI Data      Debug   

      8120        218        524          0       1928      72439   Grand Totals
      8120        218        524          0       1928      72439   ELF Image Totals
      8120        218        524          0          0          0   ROM Totals

==============================================================================

    Total RO  Size (Code + RO Data)                 8644 (   8.44kB)
    Total RW  Size (RW Data + ZI Data)              1928 (   1.88kB)
    Total ROM Size (Code + RO Data + RW Data)       8644 (   8.44kB)

==============================================================================

